Archive member included to satisfy reference by file (symbol)

C:/ST/STM32CubeIDE_1.12.0/STM32CubeIDE/plugins/com.st.stm32cube.ide.mcu.externaltools.gnu-tools-for-stm32.12.3.rel1.win32_1.0.200.202406191623/tools/bin/../lib/gcc/arm-none-eabi/12.3.1/../../../../arm-none-eabi/lib/thumb/v7e-m+fp/hard\libc_nano.a(libc_a-exit.o)
                              C:/ST/STM32CubeIDE_1.12.0/STM32CubeIDE/plugins/com.st.stm32cube.ide.mcu.externaltools.gnu-tools-for-stm32.12.3.rel1.win32_1.0.200.202406191623/tools/bin/../lib/gcc/arm-none-eabi/12.3.1/../../../../arm-none-eabi/lib/thumb/v7e-m+fp/hard/crt0.o (exit)
C:/ST/STM32CubeIDE_1.12.0/STM32CubeIDE/plugins/com.st.stm32cube.ide.mcu.externaltools.gnu-tools-for-stm32.12.3.rel1.win32_1.0.200.202406191623/tools/bin/../lib/gcc/arm-none-eabi/12.3.1/../../../../arm-none-eabi/lib/thumb/v7e-m+fp/hard\libc_nano.a(libc_a-malloc.o)
                              ./Core/Src/codegen/envelope_xcorr_gen_emxutil.o (malloc)
C:/ST/STM32CubeIDE_1.12.0/STM32CubeIDE/plugins/com.st.stm32cube.ide.mcu.externaltools.gnu-tools-for-stm32.12.3.rel1.win32_1.0.200.202406191623/tools/bin/../lib/gcc/arm-none-eabi/12.3.1/../../../../arm-none-eabi/lib/thumb/v7e-m+fp/hard\libc_nano.a(libc_a-mallocr.o)
                              C:/ST/STM32CubeIDE_1.12.0/STM32CubeIDE/plugins/com.st.stm32cube.ide.mcu.externaltools.gnu-tools-for-stm32.12.3.rel1.win32_1.0.200.202406191623/tools/bin/../lib/gcc/arm-none-eabi/12.3.1/../../../../arm-none-eabi/lib/thumb/v7e-m+fp/hard\libc_nano.a(libc_a-malloc.o) (_malloc_r)
C:/ST/STM32CubeIDE_1.12.0/STM32CubeIDE/plugins/com.st.stm32cube.ide.mcu.externaltools.gnu-tools-for-stm32.12.3.rel1.win32_1.0.200.202406191623/tools/bin/../lib/gcc/arm-none-eabi/12.3.1/../../../../arm-none-eabi/lib/thumb/v7e-m+fp/hard\libc_nano.a(libc_a-mlock.o)
                              C:/ST/STM32CubeIDE_1.12.0/STM32CubeIDE/plugins/com.st.stm32cube.ide.mcu.externaltools.gnu-tools-for-stm32.12.3.rel1.win32_1.0.200.202406191623/tools/bin/../lib/gcc/arm-none-eabi/12.3.1/../../../../arm-none-eabi/lib/thumb/v7e-m+fp/hard\libc_nano.a(libc_a-mallocr.o) (__malloc_lock)
C:/ST/STM32CubeIDE_1.12.0/STM32CubeIDE/plugins/com.st.stm32cube.ide.mcu.externaltools.gnu-tools-for-stm32.12.3.rel1.win32_1.0.200.202406191623/tools/bin/../lib/gcc/arm-none-eabi/12.3.1/../../../../arm-none-eabi/lib/thumb/v7e-m+fp/hard\libc_nano.a(libc_a-nano-vfprintf_float.o)
                              (_printf_float)
C:/ST/STM32CubeIDE_1.12.0/STM32CubeIDE/plugins/com.st.stm32cube.ide.mcu.externaltools.gnu-tools-for-stm32.12.3.rel1.win32_1.0.200.202406191623/tools/bin/../lib/gcc/arm-none-eabi/12.3.1/../../../../arm-none-eabi/lib/thumb/v7e-m+fp/hard\libc_nano.a(libc_a-nano-vfprintf_i.o)
                              C:/ST/STM32CubeIDE_1.12.0/STM32CubeIDE/plugins/com.st.stm32cube.ide.mcu.externaltools.gnu-tools-for-stm32.12.3.rel1.win32_1.0.200.202406191623/tools/bin/../lib/gcc/arm-none-eabi/12.3.1/../../../../arm-none-eabi/lib/thumb/v7e-m+fp/hard\libc_nano.a(libc_a-nano-vfprintf_float.o) (_printf_common)
C:/ST/STM32CubeIDE_1.12.0/STM32CubeIDE/plugins/com.st.stm32cube.ide.mcu.externaltools.gnu-tools-for-stm32.12.3.rel1.win32_1.0.200.202406191623/tools/bin/../lib/gcc/arm-none-eabi/12.3.1/../../../../arm-none-eabi/lib/thumb/v7e-m+fp/hard\libc_nano.a(libc_a-findfp.o)
                              C:/ST/STM32CubeIDE_1.12.0/STM32CubeIDE/plugins/com.st.stm32cube.ide.mcu.externaltools.gnu-tools-for-stm32.12.3.rel1.win32_1.0.200.202406191623/tools/bin/../lib/gcc/arm-none-eabi/12.3.1/../../../../arm-none-eabi/lib/thumb/v7e-m+fp/hard\libc_nano.a(libc_a-exit.o) (__stdio_exit_handler)
C:/ST/STM32CubeIDE_1.12.0/STM32CubeIDE/plugins/com.st.stm32cube.ide.mcu.externaltools.gnu-tools-for-stm32.12.3.rel1.win32_1.0.200.202406191623/tools/bin/../lib/gcc/arm-none-eabi/12.3.1/../../../../arm-none-eabi/lib/thumb/v7e-m+fp/hard\libc_nano.a(libc_a-fwalk.o)
                              C:/ST/STM32CubeIDE_1.12.0/STM32CubeIDE/plugins/com.st.stm32cube.ide.mcu.externaltools.gnu-tools-for-stm32.12.3.rel1.win32_1.0.200.202406191623/tools/bin/../lib/gcc/arm-none-eabi/12.3.1/../../../../arm-none-eabi/lib/thumb/v7e-m+fp/hard\libc_nano.a(libc_a-findfp.o) (_fwalk_sglue)
C:/ST/STM32CubeIDE_1.12.0/STM32CubeIDE/plugins/com.st.stm32cube.ide.mcu.externaltools.gnu-tools-for-stm32.12.3.rel1.win32_1.0.200.202406191623/tools/bin/../lib/gcc/arm-none-eabi/12.3.1/../../../../arm-none-eabi/lib/thumb/v7e-m+fp/hard\libc_nano.a(libc_a-sprintf.o)
                              ./Core/Src/main.o (sprintf)
C:/ST/STM32CubeIDE_1.12.0/STM32CubeIDE/plugins/com.st.stm32cube.ide.mcu.externaltools.gnu-tools-for-stm32.12.3.rel1.win32_1.0.200.202406191623/tools/bin/../lib/gcc/arm-none-eabi/12.3.1/../../../../arm-none-eabi/lib/thumb/v7e-m+fp/hard\libc_nano.a(libc_a-stdio.o)
[...]
Memory Configuration

Name             Origin             Length             Attributes
RAM              0x20000000         0x00020000         xrw
FLASH            0x08000000         0x00080000         xr
*default*        0x00000000         0xffffffff

Linker script and memory map

LOAD C:/ST/STM32CubeIDE_1.12.0/STM32CubeIDE/plugins/com.st.stm32cube.ide.mcu.externaltools.gnu-tools-for-stm32.12.3.rel1.win32_1.0.200.202406191623/tools/bin/../lib/gcc/arm-none-eabi/12.3.1/thumb/v7e-m+fp/hard/crti.o
LOAD C:/ST/STM32CubeIDE_1.12.0/STM32CubeIDE/plugins/com.st.stm32cube.ide.mcu.externaltools.gnu-tools-for-stm32.12.3.rel1.win32_1.0.200.202406191623/tools/bin/../lib/gcc/arm-none-eabi/12.3.1/thumb/v7e-m+fp/hard/crtbegin.o
LOAD C:/ST/STM32CubeIDE_1.12.0/STM32CubeIDE/plugins/com.st.stm32cube.ide.mcu.externaltools.gnu-tools-for-stm32.12.3.rel1.win32_1.0.200.202406191623/tools/bin/../lib/gcc/arm-none-eabi/12.3.1/../../../../arm-none-eabi/lib/thumb/v7e-m+fp/hard/crt0.o
LOAD ./Core/Src/ST7789/fonts.o
LOAD ./Core/Src/ST7789/st7789.o
LOAD ./Core/Src/codegen/FFTImplementationCallback.o
LOAD ./Core/Src/codegen/colon.o
LOAD ./Core/Src/codegen/envelope.o
LOAD ./Core/Src/codegen/envelope_xcorr_gen.o
LOAD ./Core/Src/codegen/envelope_xcorr_gen_data.o
LOAD ./Core/Src/codegen/envelope_xcorr_gen_emxutil.o
LOAD ./Core/Src/codegen/envelope_xcorr_gen_initialize.o
LOAD ./Core/Src/codegen/envelope_xcorr_gen_terminate.o
LOAD ./Core/Src/codegen/fft.o
LOAD ./Core/Src/codegen/find.o
LOAD ./Core/Src/codegen/ifft.o
LOAD ./Core/Src/codegen/interp1.o
LOAD ./Core/Src/codegen/mean.o
LOAD ./Core/Src/codegen/rtGetInf.o
LOAD ./Core/Src/codegen/rtGetNaN.o
LOAD ./Core/Src/codegen/rt_nonfinite.o
LOAD ./Core/Src/data.o
LOAD ./Core/Src/main.o
LOAD ./Core/Src/stm32f4xx_hal_msp.o
LOAD ./Core/Src/stm32f4xx_it.o
LOAD ./Core/Src/syscalls.o
LOAD ./Core/Src/sysmem.o
LOAD ./Core/Src/system_stm32f4xx.o
LOAD ./Core/Src/ui.o
LOAD ./Core/Startup/startup_stm32f411ceux.o
LOAD ./Drivers/STM32F4xx_HAL_Driver/Src/stm32f4xx_hal.o
LOAD ./Drivers/STM32F4xx_HAL_Driver/Src/stm32f4xx_hal_adc.o
LOAD ./Drivers/STM32F4xx_HAL_Driver/Src/stm32f4xx_hal_adc_ex.o
LOAD ./Drivers/STM32F4xx_HAL_Driver/Src/stm32f4xx_hal_cortex.o
LOAD ./Drivers/STM32F4xx_HAL_Driver/Src/stm32f4xx_hal_dma.o
LOAD ./Drivers/STM32F4xx_HAL_Driver/Src/stm32f4xx_hal_dma_ex.o
LOAD ./Drivers/STM32F4xx_HAL_Driver/Src/stm32f4xx_hal_exti.o
LOAD ./Drivers/STM32F4xx_HAL_Driver/Src/stm32f4xx_hal_flash.o
LOAD ./Drivers/STM32F4xx_HAL_Driver/Src/stm32f4xx_hal_flash_ex.o
LOAD ./Drivers/STM32F4xx_HAL_Driver/Src/stm32f4xx_hal_flash_ramfunc.o
LOAD ./Drivers/STM32F4xx_HAL_Driver/Src/stm32f4xx_hal_gpio.o
LOAD ./Drivers/STM32F4xx_HAL_Driver/Src/stm32f4xx_hal_pcd.o
LOAD ./Drivers/STM32F4xx_HAL_Driver/Src/stm32f4xx_hal_pcd_ex.o
LOAD ./Drivers/STM32F4xx_HAL_Driver/Src/stm32f4xx_hal_pwr.o
LOAD ./Drivers/STM32F4xx_HAL_Driver/Src/stm32f4xx_hal_pwr_ex.o
LOAD ./Drivers/STM32F4xx_HAL_Driver/Src/stm32f4xx_hal_rcc.o
LOAD ./Drivers/STM32F4xx_HAL_Driver/Src/stm32f4xx_hal_rcc_ex.o
LOAD ./Drivers/STM32F4xx_HAL_Driver/Src/stm32f4xx_hal_spi.o
LOAD ./Drivers/STM32F4xx_HAL_Driver/Src/stm32f4xx_hal_tim.o
LOAD ./Drivers/STM32F4xx_HAL_Driver/Src/stm32f4xx_hal_tim_ex.o
LOAD ./Drivers/STM32F4xx_HAL_Driver/Src/stm32f4xx_ll_adc.o
LOAD ./Drivers/STM32F4xx_HAL_Driver/Src/stm32f4xx_ll_usb.o
LOAD ./Middlewares/ST/STM32_USB_Device_Library/Class/CDC/Src/usbd_cdc.o
LOAD ./Middlewares/ST/STM32_USB_Device_Library/Core/Src/usbd_core.o
LOAD ./Middlewares/ST/STM32_USB_Device_Library/Core/Src/usbd_ctlreq.o
LOAD ./Middlewares/ST/STM32_USB_Device_Library/Core/Src/usbd_ioreq.o
LOAD ./USB_DEVICE/App/usb_device.o
LOAD ./USB_DEVICE/App/usbd_cdc_if.o
LOAD ./USB_DEVICE/App/usbd_desc.o
LOAD ./USB_DEVICE/Target/usbd_conf.o
START GROUP
LOAD C:/ST/STM32CubeIDE_1.12.0/STM32CubeIDE/plugins/com.st.stm32cube.ide.mcu.externaltools.gnu-tools-for-stm32.12.3.rel1.win32_1.0.200.202406191623/tools/bin/../lib/gcc/arm-none-eabi/12.3.1/../../../../arm-none-eabi/lib/thumb/v7e-m+fp/hard\libc_nano.a
LOAD C:/ST/STM32CubeIDE_1.12.0/STM32CubeIDE/plugins/com.st.stm32cube.ide.mcu.externaltools.gnu-tools-for-stm32.12.3.rel1.win32_1.0.200.202406191623/tools/bin/../lib/gcc/arm-none-eabi/12.3.1/../../../../arm-none-eabi/lib/thumb/v7e-m+fp/hard\libm.a
END GROUP
START GROUP
LOAD C:/ST/STM32CubeIDE_1.12.0/STM32CubeIDE/plugins/com.st.stm32cube.ide.mcu.externaltools.gnu-tools-for-stm32.12.3.rel1.win32_1.0.200.202406191623/tools/bin/../lib/gcc/arm-none-eabi/12.3.1/thumb/v7e-m+fp/hard\libgcc.a
LOAD C:/ST/STM32CubeIDE_1.12.0/STM32CubeIDE/plugins/com.st.stm32cube.ide.mcu.externaltools.gnu-tools-for-stm32.12.3.rel1.win32_1.0.200.202406191623/tools/bin/../lib/gcc/arm-none-eabi/12.3.1/../../../../arm-none-eabi/lib/thumb/v7e-m+fp/hard\libc_nano.a
END GROUP
START GROUP
LOAD C:/ST/STM32CubeIDE_1.12.0/STM32CubeIDE/plugins/com.st.stm32cube.ide.mcu.externaltools.gnu-tools-for-stm32.12.3.rel1.win32_1.0.200.202406191623/tools/bin/../lib/gcc/arm-none-eabi/12.3.1/thumb/v7e-m+fp/hard\libgcc.a
LOAD C:/ST/STM32CubeIDE_1.12.0/STM32CubeIDE/plugins/com.st.stm32cube.ide.mcu.externaltools.gnu-tools-for-stm32.12.3.rel1.win32_1.0.200.202406191623/tools/bin/../lib/gcc/arm-none-eabi/12.3.1/../../../../arm-none-eabi/lib/thumb/v7e-m+fp/hard\libc_nano.a
LOAD C:/ST/STM32CubeIDE_1.12.0/STM32CubeIDE/plugins/com.st.stm32cube.ide.mcu.externaltools.gnu-tools-for-stm32.12.3.rel1.win32_1.0.200.202406191623/tools/bin/../lib/gcc/arm-none-eabi/12.3.1/../../../../arm-none-eabi/lib/thumb/v7e-m+fp/hard\libnosys.a
END GROUP
START GROUP
LOAD C:/ST/STM32CubeIDE_1.12.0/STM32CubeIDE/plugins/com.st.stm32cube.ide.mcu.externaltools.gnu-tools-for-stm32.12.3.rel1.win32_1.0.200.202406191623/tools/bin/../lib/gcc/arm-none-eabi/12.3.1/thumb/v7e-m+fp/hard\libgcc.a
LOAD C:/ST/STM32CubeIDE_1.12.0/STM32CubeIDE/plugins/com.st.stm32cube.ide.mcu.externaltools.gnu-tools-for-stm32.12.3.rel1.win32_1.0.200.202406191623/tools/bin/../lib/gcc/arm-none-eabi/12.3.1/../../../../arm-none-eabi/lib/thumb/v7e-m+fp/hard\libc_nano.a
LOAD C:/ST/STM32CubeIDE_1.12.0/STM32CubeIDE/plugins/com.st.stm32cube.ide.mcu.externaltools.gnu-tools-for-stm32.12.3.rel1.win32_1.0.200.202406191623/tools/bin/../lib/gcc/arm-none-eabi/12.3.1/../../../../arm-none-eabi/lib/thumb/v7e-m+fp/hard\libnosys.a
END GROUP
LOAD C:/ST/STM32CubeIDE_1.12.0/STM32CubeIDE/plugins/com.st.stm32cube.ide.mcu.externaltools.gnu-tools-for-stm32.12.3.rel1.win32_1.0.200.202406191623/tools/bin/../lib/gcc/arm-none-eabi/12.3.1/thumb/v7e-m+fp/hard/crtend.o
LOAD C:/ST/STM32CubeIDE_1.12.0/STM32CubeIDE/plugins/com.st.stm32cube.ide.mcu.externaltools.gnu-tools-for-stm32.12.3.rel1.win32_1.0.200.202406191623/tools/bin/../lib/gcc/arm-none-eabi/12.3.1/thumb/v7e-m+fp/hard/crtn.o
                0x20020000                        _estack = (ORIGIN (RAM) + LENGTH (RAM))
                0x00000200                        _Min_Heap_Size = 0x200
                0x00000400                        _Min_Stack_Size = 0x400

.isr_vector     0x08000000      0x198
                0x08000000                        . = ALIGN (0x4)
 *(.isr_vector)
 .isr_vector    0x08000000      0x198 ./Core/Startup/startup_stm32f411ceux.o
                0x08000000                g_pfnVectors
                0x08000198                        . = ALIGN (0x4)

.text           0x080001a0    0x1b524
                0x080001a0                        . = ALIGN (0x4)
 *(.text)
 .text          0x080001a0       0x40 C:/ST/STM32CubeIDE_1.12.0/STM32CubeIDE/plugins/com.st.stm32cube.ide.mcu.externaltools.gnu-tools-for-stm32.12.3.rel1.win32_1.0.200.202406191623/tools/bin/../lib/gcc/arm-none-eabi/12.3.1/thumb/v7e-m+fp/hard/crtbegin.o
 .text          0x080001e0       0xa0 C:/ST/STM32CubeIDE_1.12.0/STM32CubeIDE/plugins/com.st.stm32cube.ide.mcu.externaltools.gnu-tools-for-stm32.12.3.rel1.win32_1.0.200.202406191623/tools/bin/../lib/gcc/arm-none-eabi/12.3.1/../../../../arm-none-eabi/lib/thumb/v7e-m+fp/hard\libc_nano.a(libc_a-memchr.o)
                0x080001e0                memchr
 .text          0x08000280       0x10 C:/ST/STM32CubeIDE_1.12.0/STM32CubeIDE/plugins/com.st.stm32cube.ide.mcu.externaltools.gnu-tools-for-stm32.12.3.rel1.win32_1.0.200.202406191623/tools/bin/../lib/gcc/arm-none-eabi/12.3.1/../../../../arm-none-eabi/lib/thumb/v7e-m+fp/hard\libc_nano.a(libc_a-strlen.o)
                0x08000280                strlen
 .text          0x08000290      0x378 C:/ST/STM32CubeIDE_1.12.0/STM32CubeIDE/plugins/com.st.stm32cube.ide.mcu.externaltools.gnu-tools-for-stm32.12.3.rel1.win32_1.0.200.202406191623/tools/bin/../lib/gcc/arm-none-eabi/12.3.1/thumb/v7e-m+fp/hard\libgcc.a(_arm_addsubdf3.o)
                0x08000290                __aeabi_drsub
                0x08000298                __aeabi_dsub
                0x08000298                __subdf3
                0x0800029c                __aeabi_dadd
                0x0800029c                __adddf3
                0x08000514                __floatunsidf
                0x08000514                __aeabi_ui2d
                0x08000534                __floatsidf
                0x08000534                __aeabi_i2d
                0x08000558                __aeabi_f2d
                0x08000558                __extendsfdf2
                0x0800059c                __floatundidf
                0x0800059c                __aeabi_ul2d
                0x080005ac                __floatdidf
                0x080005ac                __aeabi_l2d
 .text          0x08000608      0x424 C:/ST/STM32CubeIDE_1.12.0/STM32CubeIDE/plugins/com.st.stm32cube.ide.mcu.externaltools.gnu-tools-for-stm32.12.3.rel1.win32_1.0.200.202406191623/tools/bin/../lib/gcc/arm-none-eabi/12.3.1/thumb/v7e-m+fp/hard\libgcc.a(_arm_muldivdf3.o)
                0x08000608                __aeabi_dmul
                0x08000608                __muldf3
                0x0800085c                __divdf3
                0x0800085c                __aeabi_ddiv
 .text          0x08000a2c      0x110 C:/ST/STM32CubeIDE_1.12.0/STM32CubeIDE/plugins/com.st.stm32cube.ide.mcu.externaltools.gnu-tools-for-stm32.12.3.rel1.win32_1.0.200.202406191623/tools/bin/../lib/gcc/arm-none-eabi/12.3.1/thumb/v7e-m+fp/hard\libgcc.a(_arm_cmpdf2.o)
                0x08000a2c                __gtdf2
                0x08000a2c                __gedf2
                0x08000a34                __ltdf2
                0x08000a34                __ledf2
                0x08000a3c                __nedf2
                0x08000a3c                __eqdf2
                0x08000a3c                __cmpdf2
                0x08000ab8                __aeabi_cdrcmple
                0x08000ac8                __aeabi_cdcmpeq
                0x08000ac8                __aeabi_cdcmple
                0x08000ad8                __aeabi_dcmpeq
                0x08000aec                __aeabi_dcmplt
                0x08000b00                __aeabi_dcmple
                0x08000b14                __aeabi_dcmpge
                0x08000b28                __aeabi_dcmpgt
 .text          0x08000b3c       0x2c C:/ST/STM32CubeIDE_1.12.0/STM32CubeIDE/plugins/com.st.stm32cube.ide.mcu.externaltools.gnu-tools-for-stm32.12.3.rel1.win32_1.0.200.202406191623/tools/bin/../lib/gcc/arm-none-eabi/12.3.1/thumb/v7e-m+fp/hard\libgcc.a(_arm_unorddf2.o)
                0x08000b3c                __unorddf2
                0x08000b3c                __aeabi_dcmpun
 .text          0x08000b68       0x50 C:/ST/STM32CubeIDE_1.12.0/STM32CubeIDE/plugins/com.st.stm32cube.ide.mcu.externaltools.gnu-tools-for-stm32.12.3.rel1.win32_1.0.200.202406191623/tools/bin/../lib/gcc/arm-none-eabi/12.3.1/thumb/v7e-m+fp/hard\libgcc.a(_arm_fixdfsi.o)
                0x08000b68                __aeabi_d2iz
                0x08000b68                __fixdfsi
 .text          0x08000bb8       0xa0 C:/ST/STM32CubeIDE_1.12.0/STM32CubeIDE/plugins/com.st.stm32cube.ide.mcu.externaltools.gnu-tools-for-stm32.12.3.rel1.win32_1.0.200.202406191623/tools/bin/../lib/gcc/arm-none-eabi/12.3.1/thumb/v7e-m+fp/hard\libgcc.a(_arm_truncdfsf2.o)
                0x08000bb8                __truncdfsf2
                0x08000bb8                __aeabi_d2f
 .text          0x08000c58       0x30 C:/ST/STM32CubeIDE_1.12.0/STM32CubeIDE/plugins/com.st.stm32cube.ide.mcu.externaltools.gnu-tools-for-stm32.12.3.rel1.win32_1.0.200.202406191623/tools/bin/../lib/gcc/arm-none-eabi/12.3.1/thumb/v7e-m+fp/hard\libgcc.a(_aeabi_uldivmod.o)
                0x08000c58                __aeabi_uldivmod
 .text          0x08000c88      0x524 C:/ST/STM32CubeIDE_1.12.0/STM32CubeIDE/plugins/com.st.stm32cube.ide.mcu.externaltools.gnu-tools-for-stm32.12.3.rel1.win32_1.0.200.202406191623/tools/bin/../lib/gcc/arm-none-eabi/12.3.1/thumb/v7e-m+fp/hard\libgcc.a(_muldc3.o)
                0x08000c88                __muldc3
 .text          0x080011ac      0x84c C:/ST/STM32CubeIDE_1.12.0/STM32CubeIDE/plugins/com.st.stm32cube.ide.mcu.externaltools.gnu-tools-for-stm32.12.3.rel1.win32_1.0.200.202406191623/tools/bin/../lib/gcc/arm-none-eabi/12.3.1/thumb/v7e-m+fp/hard\libgcc.a(_divdc3.o)
                0x080011ac                __divdc3
 .text          0x080019f8      0x2bc C:/ST/STM32CubeIDE_1.12.0/STM32CubeIDE/plugins/com.st.stm32cube.ide.mcu.externaltools.gnu-tools-for-stm32.12.3.rel1.win32_1.0.200.202406191623/tools/bin/../lib/gcc/arm-none-eabi/12.3.1/thumb/v7e-m+fp/hard\libgcc.a(_udivmoddi4.o)
                0x080019f8                __udivmoddi4
 .text          0x08001cb4        0x4 C:/ST/STM32CubeIDE_1.12.0/STM32CubeIDE/plugins/com.st.stm32cube.ide.mcu.externaltools.gnu-tools-for-stm32.12.3.rel1.win32_1.0.200.202406191623/tools/bin/../lib/gcc/arm-none-eabi/12.3.1/thumb/v7e-m+fp/hard\libgcc.a(_dvmd_tls.o)
                0x08001cb4                __aeabi_idiv0
                0x08001cb4                __aeabi_ldiv0
 *(.text*)
 .text.ST7789_WriteCommand
                0x08001cb8       0x48 ./Core/Src/ST7789/st7789.o
 .text.ST7789_WriteData
                0x08001d00       0x6c ./Core/Src/ST7789/st7789.o
 .text.ST7789_WriteSmallData
                0x08001d6c       0x48 ./Core/Src/ST7789/st7789.o
 .text.ST7789_SetRotation
                0x08001db4       0x58 ./Core/Src/ST7789/st7789.o
                0x08001db4                ST7789_SetRotation
 .text.ST7789_SetAddressWindow
                0x08001e0c       0xb8 ./Core/Src/ST7789/st7789.o
 .text.ST7789_Init
                0x08001ec4      0x13c ./Core/Src/ST7789/st7789.o
                0x08001ec4                ST7789_Init
 .text.ST7789_Fill_Color
                0x08002000       0x7c ./Core/Src/ST7789/st7789.o
                0x08002000                ST7789_Fill_Color
 .text.ST7789_DrawPixel
                0x0800207c       0x6c ./Core/Src/ST7789/st7789.o
                0x0800207c                ST7789_DrawPixel
 .text.ST7789_Fill
                0x080020e8       0xa0 ./Core/Src/ST7789/st7789.o
                0x080020e8                ST7789_Fill
 .text.ST7789_DrawLine
                0x08002188      0x118 ./Core/Src/ST7789/st7789.o
                0x08002188                ST7789_DrawLine
 .text.ST7789_DrawRectangle
                0x080022a0       0x88 ./Core/Src/ST7789/st7789.o
                0x080022a0                ST7789_DrawRectangle
 .text.ST7789_DrawCircle
                0x08002328      0x1cc ./Core/Src/ST7789/st7789.o
                0x08002328                ST7789_DrawCircle
 .text.ST7789_InvertColors
                0x080024f4       0x3c ./Core/Src/ST7789/st7789.o
                0x080024f4                ST7789_InvertColors
 .text.ST7789_WriteChar
                0x08002530       0xfc ./Core/Src/ST7789/st7789.o
                0x08002530                ST7789_WriteChar
 .text.ST7789_WriteString
                0x0800262c       0xa8 ./Core/Src/ST7789/st7789.o
                0x0800262c                ST7789_WriteString
 .text.ST7789_DrawFilledCircle
                0x080026d4      0x1cc ./Core/Src/ST7789/st7789.o
                0x080026d4                ST7789_DrawFilledCircle
 .text.c_FFTImplementationCallback_doH
                0x080028a0     0x112e ./Core/Src/codegen/FFTImplementationCallback.o
 *fill*         0x080039ce        0x2 
 .text.d_FFTImplementationCallback_doH
                0x080039d0     0x1600 ./Core/Src/codegen/FFTImplementationCallback.o
 .text.c_FFTImplementationCallback_dob
                0x08004fd0      0x6e8 ./Core/Src/codegen/FFTImplementationCallback.o
                0x08004fd0                c_FFTImplementationCallback_dob
 .text.c_FFTImplementationCallback_gen
                0x080056b8      0x488 ./Core/Src/codegen/FFTImplementationCallback.o
                0x080056b8                c_FFTImplementationCallback_gen
 .text.c_FFTImplementationCallback_get
                0x08005b40       0xba ./Core/Src/codegen/FFTImplementationCallback.o
                0x08005b40                c_FFTImplementationCallback_get
 .text.c_FFTImplementationCallback_r2b
                0x08005bfa       0xbc ./Core/Src/codegen/FFTImplementationCallback.o
                0x08005bfa                c_FFTImplementationCallback_r2b
 .text.d_FFTImplementationCallback_r2b
                0x08005cb6      0x440 ./Core/Src/codegen/FFTImplementationCallback.o
                0x08005cb6                d_FFTImplementationCallback_r2b
 *fill*         0x080060f6        0x2 
 .text.eml_float_colon
                0x080060f8      0x2f4 ./Core/Src/codegen/colon.o
                0x080060f8                eml_float_colon
 .text.rt_hypotf_snf
                0x080063ec       0xfc ./Core/Src/codegen/envelope.o
 .text.envelope
                0x080064e8      0x4e6 ./Core/Src/codegen/envelope.o
                0x080064e8                envelope
 *fill*         0x080069ce        0x2 
 .text.rt_powd_snf
                0x080069d0      0x23c ./Core/Src/codegen/envelope_xcorr_gen.o
 *fill*         0x08006c0c        0x4 
 .text.envelope_xcorr_gen
                0x08006c10     0x1d84 ./Core/Src/codegen/envelope_xcorr_gen.o
                0x08006c10                envelope_xcorr_gen
 .text.emxEnsureCapacity_boolean_T
                0x08008994       0xca ./Core/Src/codegen/envelope_xcorr_gen_emxutil.o
                0x08008994                emxEnsureCapacity_boolean_T
 .text.emxEnsureCapacity_creal32_T
                0x08008a5e       0xce ./Core/Src/codegen/envelope_xcorr_gen_emxutil.o
                0x08008a5e                emxEnsureCapacity_creal32_T
 .text.emxEnsureCapacity_int32_T
                0x08008b2c       0xce ./Core/Src/codegen/envelope_xcorr_gen_emxutil.o
                0x08008b2c                emxEnsureCapacity_int32_T
 .text.emxEnsureCapacity_real32_T
                0x08008bfa       0xce ./Core/Src/codegen/envelope_xcorr_gen_emxutil.o
                0x08008bfa                emxEnsureCapacity_real32_T
 .text.emxFree_boolean_T
                0x08008cc8       0x54 ./Core/Src/codegen/envelope_xcorr_gen_emxutil.o
                0x08008cc8                emxFree_boolean_T
 .text.emxFree_creal32_T
                0x08008d1c       0x54 ./Core/Src/codegen/envelope_xcorr_gen_emxutil.o
                0x08008d1c                emxFree_creal32_T
 .text.emxFree_int32_T
                0x08008d70       0x54 ./Core/Src/codegen/envelope_xcorr_gen_emxutil.o
                0x08008d70                emxFree_int32_T
 .text.emxFree_real32_T
                0x08008dc4       0x54 ./Core/Src/codegen/envelope_xcorr_gen_emxutil.o
                0x08008dc4                emxFree_real32_T
 .text.emxInit_boolean_T
                0x08008e18       0x6c ./Core/Src/codegen/envelope_xcorr_gen_emxutil.o
                0x08008e18                emxInit_boolean_T
 .text.emxInit_creal32_T
                0x08008e84       0x52 ./Core/Src/codegen/envelope_xcorr_gen_emxutil.o
                0x08008e84                emxInit_creal32_T
 .text.emxInit_int32_T
                0x08008ed6       0x74 ./Core/Src/codegen/envelope_xcorr_gen_emxutil.o
                0x08008ed6                emxInit_int32_T
 .text.emxInit_real32_T
                0x08008f4a       0x74 ./Core/Src/codegen/envelope_xcorr_gen_emxutil.o
                0x08008f4a                emxInit_real32_T
 .text.fft      0x08008fbe      0x18a ./Core/Src/codegen/fft.o
                0x08008fbe                fft
 .text.eml_find
                0x08009148       0xba ./Core/Src/codegen/find.o
                0x08009148                eml_find
 *fill*         0x08009202        0x2 
 .text.ifft     0x08009204      0xcb8 ./Core/Src/codegen/ifft.o
                0x08009204                ifft
 .text.interp1  0x08009ebc     0x1c5c ./Core/Src/codegen/interp1.o
                0x08009ebc                interp1
 .text.mean     0x0800bb18      0x15c ./Core/Src/codegen/mean.o
                0x0800bb18                mean
 .text.rtIsInf  0x0800bc74       0x5c ./Core/Src/codegen/rt_nonfinite.o
                0x0800bc74                rtIsInf
 .text.rtIsInfF
                0x0800bcd0       0x70 ./Core/Src/codegen/rt_nonfinite.o
                0x0800bcd0                rtIsInfF
 .text.rtIsNaN  0x0800bd40       0x2a ./Core/Src/codegen/rt_nonfinite.o
                0x0800bd40                rtIsNaN
 .text.rtIsNaNF
                0x0800bd6a       0x2c ./Core/Src/codegen/rt_nonfinite.o
                0x0800bd6a                rtIsNaNF
 *fill*         0x0800bd96        0x2 
 .text.main     0x0800bd98      0x548 ./Core/Src/main.o
                0x0800bd98                main
 .text.SystemClock_Config
                0x0800c2e0       0xd4 ./Core/Src/main.o
                0x0800c2e0                SystemClock_Config
 .text.MX_ADC1_Init
                0x0800c3b4      0x140 ./Core/Src/main.o
 .text.MX_SPI1_Init
                0x0800c4f4       0x6c ./Core/Src/main.o
 .text.MX_TIM2_Init
                0x0800c560       0xe4 ./Core/Src/main.o
 .text.MX_TIM3_Init
                0x0800c644       0x9c ./Core/Src/main.o
 .text.MX_TIM5_Init
                0x0800c6e0       0x9c ./Core/Src/main.o
 .text.MX_DMA_Init
                0x0800c77c       0x40 ./Core/Src/main.o
 .text.MX_GPIO_Init
                0x0800c7bc      0x120 ./Core/Src/main.o
 .text.print_array
                0x0800c8dc      0x1f4 ./Core/Src/main.o
                0x0800c8dc                print_array
 .text.Read_channel
                0x0800cad0       0x74 ./Core/Src/main.o
                0x0800cad0                Read_channel
 *fill*         0x0800cb44        0x4 
 .text.ConvertCoordinates
                0x0800cb48      0x7c4 ./Core/Src/main.o
                0x0800cb48                ConvertCoordinates
 .text.Abs_maxScale
                0x0800d30c       0xc8 ./Core/Src/main.o
                0x0800d30c                Abs_maxScale
 .text.Offset_remove
                0x0800d3d4       0x8e ./Core/Src/main.o
                0x0800d3d4                Offset_remove
 *fill*         0x0800d462        0x6 
 .text.Debug_screen
                0x0800d468      0x1fc ./Core/Src/main.o
                0x0800d468                Debug_screen
 .text.Draw_All
                0x0800d664      0x208 ./Core/Src/main.o
                0x0800d664                Draw_All
 .text.Check_buttons
                0x0800d86c       0x8c ./Core/Src/main.o
                0x0800d86c                Check_buttons
 .text.Convert_to_score
                0x0800d8f8       0xcc ./Core/Src/main.o
                0x0800d8f8                Convert_to_score
 .text.AWD_Interrupt
                0x0800d9c4       0x50 ./Core/Src/main.o
                0x0800d9c4                AWD_Interrupt
 .text.Reset_ADC
                0x0800da14       0x68 ./Core/Src/main.o
                0x0800da14                Reset_ADC
 .text.TIM3_interrupt
                0x0800da7c       0x38 ./Core/Src/main.o
                0x0800da7c                TIM3_interrupt
 .text.Error_Handler
                0x0800dab4        0xc ./Core/Src/main.o
                0x0800dab4                Error_Handler
 .text.HAL_MspInit
                0x0800dac0       0x50 ./Core/Src/stm32f4xx_hal_msp.o
                0x0800dac0                HAL_MspInit
 .text.HAL_ADC_MspInit
                0x0800db10      0x100 ./Core/Src/stm32f4xx_hal_msp.o
                0x0800db10                HAL_ADC_MspInit
 .text.HAL_SPI_MspInit
                0x0800dc10       0xb0 ./Core/Src/stm32f4xx_hal_msp.o
                0x0800dc10                HAL_SPI_MspInit
 .text.HAL_TIM_Base_MspInit
                0x0800dcc0       0xa4 ./Core/Src/stm32f4xx_hal_msp.o
                0x0800dcc0                HAL_TIM_Base_MspInit
 .text.NMI_Handler
                0x0800dd64        0x8 ./Core/Src/stm32f4xx_it.o
                0x0800dd64                NMI_Handler
 .text.HardFault_Handler
                0x0800dd6c        0x8 ./Core/Src/stm32f4xx_it.o
                0x0800dd6c                HardFault_Handler
 .text.MemManage_Handler
                0x0800dd74        0x8 ./Core/Src/stm32f4xx_it.o
                0x0800dd74                MemManage_Handler
 .text.BusFault_Handler
                0x0800dd7c        0x8 ./Core/Src/stm32f4xx_it.o
                0x0800dd7c                BusFault_Handler
 .text.UsageFault_Handler
                0x0800dd84        0x8 ./Core/Src/stm32f4xx_it.o
                0x0800dd84                UsageFault_Handler
 .text.SVC_Handler
                0x0800dd8c        0xe ./Core/Src/stm32f4xx_it.o
                0x0800dd8c                SVC_Handler
 .text.DebugMon_Handler
                0x0800dd9a        0xe ./Core/Src/stm32f4xx_it.o
                0x0800dd9a                DebugMon_Handler
 .text.PendSV_Handler
                0x0800dda8        0xe ./Core/Src/stm32f4xx_it.o
                0x0800dda8                PendSV_Handler
 .text.SysTick_Handler
                0x0800ddb6        0xc ./Core/Src/stm32f4xx_it.o
                0x0800ddb6                SysTick_Handler
 *fill*         0x0800ddc2        0x2 
 .text.ADC_IRQHandler
                0x0800ddc4       0x18 ./Core/Src/stm32f4xx_it.o
                0x0800ddc4                ADC_IRQHandler
 .text.TIM3_IRQHandler
                0x0800dddc       0x18 ./Core/Src/stm32f4xx_it.o
                0x0800dddc                TIM3_IRQHandler
 .text.DMA2_Stream0_IRQHandler
                0x0800ddf4       0x14 ./Core/Src/stm32f4xx_it.o
                0x0800ddf4                DMA2_Stream0_IRQHandler
 .text.OTG_FS_IRQHandler
                0x0800de08       0x14 ./Core/Src/stm32f4xx_it.o
                0x0800de08                OTG_FS_IRQHandler
 .text._getpid  0x0800de1c       0x10 ./Core/Src/syscalls.o
                0x0800de1c                _getpid
 .text._kill    0x0800de2c       0x20 ./Core/Src/syscalls.o
                0x0800de2c                _kill
 .text._exit    0x0800de4c       0x16 ./Core/Src/syscalls.o
                0x0800de4c                _exit
 .text._read    0x0800de62       0x3a ./Core/Src/syscalls.o
                0x0800de62                _read
 .text._write   0x0800de9c       0x38 ./Core/Src/syscalls.o
                0x0800de9c                _write
 .text._close   0x0800ded4       0x18 ./Core/Src/syscalls.o
                0x0800ded4                _close
 .text._fstat   0x0800deec       0x20 ./Core/Src/syscalls.o
                0x0800deec                _fstat
 .text._isatty  0x0800df0c       0x16 ./Core/Src/syscalls.o
                0x0800df0c                _isatty
 .text._lseek   0x0800df22       0x1a ./Core/Src/syscalls.o
                0x0800df22                _lseek
 .text._sbrk    0x0800df3c       0x6c ./Core/Src/sysmem.o
                0x0800df3c                _sbrk
 .text.SystemInit
                0x0800dfa8       0x24 ./Core/Src/system_stm32f4xx.o
                0x0800dfa8                SystemInit
 .text.Draw_def_targetElement
                0x0800dfcc      0x19e ./Core/Src/ui.o
                0x0800dfcc                Draw_def_targetElement
 .text.Draw_hit
                0x0800e16a       0xce ./Core/Src/ui.o
                0x0800e16a                Draw_hit
 .text.Draw_resultTable
                0x0800e238      0x3e8 ./Core/Src/ui.o
                0x0800e238                Draw_resultTable
 .text.Reset_Handler
                0x0800e620       0x50 ./Core/Startup/startup_stm32f411ceux.o
                0x0800e620                Reset_Handler
 .text.Default_Handler
                0x0800e670        0x2 ./Core/Startup/startup_stm32f411ceux.o
                0x0800e670                RTC_Alarm_IRQHandler
                0x0800e670                EXTI2_IRQHandler
                0x0800e670                SPI4_IRQHandler
                0x0800e670                TIM1_CC_IRQHandler
                0x0800e670                DMA2_Stream5_IRQHandler
                0x0800e670                DMA1_Stream5_IRQHandler
                0x0800e670                PVD_IRQHandler
                0x0800e670                SDIO_IRQHandler
                0x0800e670                TAMP_STAMP_IRQHandler
                0x0800e670                EXTI3_IRQHandler
                0x0800e670                TIM1_UP_TIM10_IRQHandler
                0x0800e670                I2C3_ER_IRQHandler
                0x0800e670                EXTI0_IRQHandler
                0x0800e670                I2C2_EV_IRQHandler
                0x0800e670                DMA1_Stream2_IRQHandler
                0x0800e670                FPU_IRQHandler
                0x0800e670                DMA2_Stream2_IRQHandler
                0x0800e670                SPI1_IRQHandler
                0x0800e670                TIM1_BRK_TIM9_IRQHandler
                0x0800e670                DMA2_Stream3_IRQHandler
                0x0800e670                USART6_IRQHandler
                0x0800e670                TIM4_IRQHandler
                0x0800e670                I2C1_EV_IRQHandler
                0x0800e670                DMA1_Stream6_IRQHandler
                0x0800e670                DMA1_Stream1_IRQHandler
                0x0800e670                RCC_IRQHandler
                0x0800e670                Default_Handler
                0x0800e670                EXTI15_10_IRQHandler
                0x0800e670                DMA1_Stream7_IRQHandler
                0x0800e670                SPI5_IRQHandler
                0x0800e670                TIM5_IRQHandler
                0x0800e670                DMA2_Stream7_IRQHandler
                0x0800e670                I2C3_EV_IRQHandler
                0x0800e670                EXTI9_5_IRQHandler
                0x0800e670                RTC_WKUP_IRQHandler
                0x0800e670                SPI2_IRQHandler
                0x0800e670                DMA1_Stream0_IRQHandler
                0x0800e670                EXTI4_IRQHandler
                0x0800e670                WWDG_IRQHandler
                0x0800e670                TIM2_IRQHandler
                0x0800e670                OTG_FS_WKUP_IRQHandler
                0x0800e670                TIM1_TRG_COM_TIM11_IRQHandler
                0x0800e670                EXTI1_IRQHandler
                0x0800e670                USART2_IRQHandler
                0x0800e670                I2C2_ER_IRQHandler
                0x0800e670                DMA2_Stream1_IRQHandler
                0x0800e670                FLASH_IRQHandler
                0x0800e670                DMA2_Stream4_IRQHandler
                0x0800e670                USART1_IRQHandler
                0x0800e670                SPI3_IRQHandler
                0x0800e670                DMA1_Stream4_IRQHandler
                0x0800e670                I2C1_ER_IRQHandler
                0x0800e670                DMA2_Stream6_IRQHandler
                0x0800e670                DMA1_Stream3_IRQHandler
 *fill*         0x0800e672        0x2 
 .text.HAL_Init
                0x0800e674       0x44 ./Drivers/STM32F4xx_HAL_Driver/Src/stm32f4xx_hal.o
                0x0800e674                HAL_Init
 .text.HAL_InitTick
                0x0800e6b8       0x60 ./Drivers/STM32F4xx_HAL_Driver/Src/stm32f4xx_hal.o
                0x0800e6b8                HAL_InitTick
 .text.HAL_IncTick
                0x0800e718       0x28 ./Drivers/STM32F4xx_HAL_Driver/Src/stm32f4xx_hal.o
                0x0800e718                HAL_IncTick
 .text.HAL_GetTick
                0x0800e740       0x18 ./Drivers/STM32F4xx_HAL_Driver/Src/stm32f4xx_hal.o
                0x0800e740                HAL_GetTick
 .text.HAL_Delay
                0x0800e758       0x48 ./Drivers/STM32F4xx_HAL_Driver/Src/stm32f4xx_hal.o
                0x0800e758                HAL_Delay
 .text.HAL_ADC_Init
                0x0800e7a0       0x86 ./Drivers/STM32F4xx_HAL_Driver/Src/stm32f4xx_hal_adc.o
                0x0800e7a0                HAL_ADC_Init
 .text.HAL_ADC_IRQHandler
                0x0800e826      0x282 ./Drivers/STM32F4xx_HAL_Driver/Src/stm32f4xx_hal_adc.o
                0x0800e826                HAL_ADC_IRQHandler
 .text.HAL_ADC_Start_DMA
                0x0800eaa8      0x1e0 ./Drivers/STM32F4xx_HAL_Driver/Src/stm32f4xx_hal_adc.o
                0x0800eaa8                HAL_ADC_Start_DMA
 .text.HAL_ADC_ConvCpltCallback
                0x0800ec88       0x14 ./Drivers/STM32F4xx_HAL_Driver/Src/stm32f4xx_hal_adc.o
                0x0800ec88                HAL_ADC_ConvCpltCallback
 .text.HAL_ADC_ConvHalfCpltCallback
                0x0800ec9c       0x14 ./Drivers/STM32F4xx_HAL_Driver/Src/stm32f4xx_hal_adc.o
                0x0800ec9c                HAL_ADC_ConvHalfCpltCallback
 .text.HAL_ADC_LevelOutOfWindowCallback
                0x0800ecb0       0x14 ./Drivers/STM32F4xx_HAL_Driver/Src/stm32f4xx_hal_adc.o
                0x0800ecb0                HAL_ADC_LevelOutOfWindowCallback
 .text.HAL_ADC_ErrorCallback
                0x0800ecc4       0x14 ./Drivers/STM32F4xx_HAL_Driver/Src/stm32f4xx_hal_adc.o
                0x0800ecc4                HAL_ADC_ErrorCallback
 .text.HAL_ADC_ConfigChannel
                0x0800ecd8      0x264 ./Drivers/STM32F4xx_HAL_Driver/Src/stm32f4xx_hal_adc.o
                0x0800ecd8                HAL_ADC_ConfigChannel
 .text.HAL_ADC_AnalogWDGConfig
                0x0800ef3c       0xc0 ./Drivers/STM32F4xx_HAL_Driver/Src/stm32f4xx_hal_adc.o
                0x0800ef3c                HAL_ADC_AnalogWDGConfig
 .text.ADC_Init
                0x0800effc      0x1f8 ./Drivers/STM32F4xx_HAL_Driver/Src/stm32f4xx_hal_adc.o
 .text.ADC_DMAConvCplt
                0x0800f1f4       0xba ./Drivers/STM32F4xx_HAL_Driver/Src/stm32f4xx_hal_adc.o
 .text.ADC_DMAHalfConvCplt
                0x0800f2ae       0x1c ./Drivers/STM32F4xx_HAL_Driver/Src/stm32f4xx_hal_adc.o
 .text.ADC_DMAError
                0x0800f2ca       0x2e ./Drivers/STM32F4xx_HAL_Driver/Src/stm32f4xx_hal_adc.o
 .text.HAL_ADCEx_InjectedConvCpltCallback
                0x0800f2f8       0x14 ./Drivers/STM32F4xx_HAL_Driver/Src/stm32f4xx_hal_adc_ex.o
                0x0800f2f8                HAL_ADCEx_InjectedConvCpltCallback
 .text.__NVIC_SetPriorityGrouping
                0x0800f30c       0x48 ./Drivers/STM32F4xx_HAL_Driver/Src/stm32f4xx_hal_cortex.o
 .text.__NVIC_GetPriorityGrouping
                0x0800f354       0x1c ./Drivers/STM32F4xx_HAL_Driver/Src/stm32f4xx_hal_cortex.o
 .text.__NVIC_EnableIRQ
                0x0800f370       0x3c ./Drivers/STM32F4xx_HAL_Driver/Src/stm32f4xx_hal_cortex.o
 .text.__NVIC_SetPriority
                0x0800f3ac       0x54 ./Drivers/STM32F4xx_HAL_Driver/Src/stm32f4xx_hal_cortex.o
 .text.NVIC_EncodePriority
                0x0800f400       0x66 ./Drivers/STM32F4xx_HAL_Driver/Src/stm32f4xx_hal_cortex.o
 *fill*         0x0800f466        0x2 
 .text.SysTick_Config
                0x0800f468       0x44 ./Drivers/STM32F4xx_HAL_Driver/Src/stm32f4xx_hal_cortex.o
 .text.HAL_NVIC_SetPriorityGrouping
                0x0800f4ac       0x16 ./Drivers/STM32F4xx_HAL_Driver/Src/stm32f4xx_hal_cortex.o
                0x0800f4ac                HAL_NVIC_SetPriorityGrouping
 .text.HAL_NVIC_SetPriority
                0x0800f4c2       0x38 ./Drivers/STM32F4xx_HAL_Driver/Src/stm32f4xx_hal_cortex.o
                0x0800f4c2                HAL_NVIC_SetPriority
 .text.HAL_NVIC_EnableIRQ
                0x0800f4fa       0x1c ./Drivers/STM32F4xx_HAL_Driver/Src/stm32f4xx_hal_cortex.o
                0x0800f4fa                HAL_NVIC_EnableIRQ
 .text.HAL_SYSTICK_Config
                0x0800f516       0x18 ./Drivers/STM32F4xx_HAL_Driver/Src/stm32f4xx_hal_cortex.o
                0x0800f516                HAL_SYSTICK_Config
 *fill*         0x0800f52e        0x2 
 .text.HAL_DMA_Init
                0x0800f530      0x15c ./Drivers/STM32F4xx_HAL_Driver/Src/stm32f4xx_hal_dma.o
                0x0800f530                HAL_DMA_Init
 .text.HAL_DMA_Start_IT
                0x0800f68c       0xb0 ./Drivers/STM32F4xx_HAL_Driver/Src/stm32f4xx_hal_dma.o
                0x0800f68c                HAL_DMA_Start_IT
 .text.HAL_DMA_IRQHandler
                0x0800f73c      0x314 ./Drivers/STM32F4xx_HAL_Driver/Src/stm32f4xx_hal_dma.o
                0x0800f73c                HAL_DMA_IRQHandler
 .text.DMA_SetConfig
                0x0800fa50       0x5c ./Drivers/STM32F4xx_HAL_Driver/Src/stm32f4xx_hal_dma.o
 .text.DMA_CalcBaseAndBitshift
                0x0800faac       0x6c ./Drivers/STM32F4xx_HAL_Driver/Src/stm32f4xx_hal_dma.o
 .text.DMA_CheckFifoParam
                0x0800fb18       0xf8 ./Drivers/STM32F4xx_HAL_Driver/Src/stm32f4xx_hal_dma.o
 .text.HAL_GPIO_Init
                0x0800fc10      0x308 ./Drivers/STM32F4xx_HAL_Driver/Src/stm32f4xx_hal_gpio.o
                0x0800fc10                HAL_GPIO_Init
 .text.HAL_GPIO_ReadPin
                0x0800ff18       0x30 ./Drivers/STM32F4xx_HAL_Driver/Src/stm32f4xx_hal_gpio.o
                0x0800ff18                HAL_GPIO_ReadPin
 .text.HAL_GPIO_WritePin
                0x0800ff48       0x32 ./Drivers/STM32F4xx_HAL_Driver/Src/stm32f4xx_hal_gpio.o
                0x0800ff48                HAL_GPIO_WritePin
 .text.HAL_PCD_Init
                0x0800ff7a      0x23a ./Drivers/STM32F4xx_HAL_Driver/Src/stm32f4xx_hal_pcd.o
                0x0800ff7a                HAL_PCD_Init
 .text.HAL_PCD_Start
                0x080101b4       0x66 ./Drivers/STM32F4xx_HAL_Driver/Src/stm32f4xx_hal_pcd.o
                0x080101b4                HAL_PCD_Start
 .text.HAL_PCD_IRQHandler
                0x0801021a      0x764 ./Drivers/STM32F4xx_HAL_Driver/Src/stm32f4xx_hal_pcd.o
                0x0801021a                HAL_PCD_IRQHandler
 .text.HAL_PCD_SetAddress
                0x0801097e       0x4a ./Drivers/STM32F4xx_HAL_Driver/Src/stm32f4xx_hal_pcd.o
                0x0801097e                HAL_PCD_SetAddress
 .text.HAL_PCD_EP_Open
                0x080109c8       0xd0 ./Drivers/STM32F4xx_HAL_Driver/Src/stm32f4xx_hal_pcd.o
                0x080109c8                HAL_PCD_EP_Open
 .text.HAL_PCD_EP_Close
                0x08010a98       0x94 ./Drivers/STM32F4xx_HAL_Driver/Src/stm32f4xx_hal_pcd.o
                0x08010a98                HAL_PCD_EP_Close
 .text.HAL_PCD_EP_Receive
                0x08010b2c       0x96 ./Drivers/STM32F4xx_HAL_Driver/Src/stm32f4xx_hal_pcd.o
                0x08010b2c                HAL_PCD_EP_Receive
 .text.HAL_PCD_EP_GetRxCount
                0x08010bc2       0x30 ./Drivers/STM32F4xx_HAL_Driver/Src/stm32f4xx_hal_pcd.o
                0x08010bc2                HAL_PCD_EP_GetRxCount
 .text.HAL_PCD_EP_Transmit
                0x08010bf2       0x94 ./Drivers/STM32F4xx_HAL_Driver/Src/stm32f4xx_hal_pcd.o
                0x08010bf2                HAL_PCD_EP_Transmit
 .text.HAL_PCD_EP_SetStall
                0x08010c86       0xc8 ./Drivers/STM32F4xx_HAL_Driver/Src/stm32f4xx_hal_pcd.o
                0x08010c86                HAL_PCD_EP_SetStall
 .text.HAL_PCD_EP_ClrStall
                0x08010d4e       0xac ./Drivers/STM32F4xx_HAL_Driver/Src/stm32f4xx_hal_pcd.o
                0x08010d4e                HAL_PCD_EP_ClrStall
 .text.PCD_WriteEmptyTxFifo
                0x08010dfa      0x11a ./Drivers/STM32F4xx_HAL_Driver/Src/stm32f4xx_hal_pcd.o
 .text.PCD_EP_OutXfrComplete_int
                0x08010f14      0x218 ./Drivers/STM32F4xx_HAL_Driver/Src/stm32f4xx_hal_pcd.o
 .text.PCD_EP_OutSetupPacket_int
                0x0801112c       0x8c ./Drivers/STM32F4xx_HAL_Driver/Src/stm32f4xx_hal_pcd.o
 .text.HAL_PCDEx_SetTxFiFo
                0x080111b8       0x8e ./Drivers/STM32F4xx_HAL_Driver/Src/stm32f4xx_hal_pcd_ex.o
                0x080111b8                HAL_PCDEx_SetTxFiFo
 .text.HAL_PCDEx_SetRxFiFo
                0x08011246       0x22 ./Drivers/STM32F4xx_HAL_Driver/Src/stm32f4xx_hal_pcd_ex.o
                0x08011246                HAL_PCDEx_SetRxFiFo
 .text.HAL_PCDEx_LPM_Callback
                0x08011268       0x18 ./Drivers/STM32F4xx_HAL_Driver/Src/stm32f4xx_hal_pcd_ex.o
                0x08011268                HAL_PCDEx_LPM_Callback
 .text.HAL_RCC_OscConfig
                0x08011280      0x4f0 ./Drivers/STM32F4xx_HAL_Driver/Src/stm32f4xx_hal_rcc.o
                0x08011280                HAL_RCC_OscConfig
 .text.HAL_RCC_ClockConfig
                0x08011770      0x1cc ./Drivers/STM32F4xx_HAL_Driver/Src/stm32f4xx_hal_rcc.o
                0x08011770                HAL_RCC_ClockConfig
 .text.HAL_RCC_GetSysClockFreq
                0x0801193c      0x18c ./Drivers/STM32F4xx_HAL_Driver/Src/stm32f4xx_hal_rcc.o
                0x0801193c                HAL_RCC_GetSysClockFreq
 .text.HAL_RCC_GetHCLKFreq
                0x08011ac8       0x18 ./Drivers/STM32F4xx_HAL_Driver/Src/stm32f4xx_hal_rcc.o
                0x08011ac8                HAL_RCC_GetHCLKFreq
 .text.HAL_SPI_Init
                0x08011ae0      0x112 ./Drivers/STM32F4xx_HAL_Driver/Src/stm32f4xx_hal_spi.o
                0x08011ae0                HAL_SPI_Init
 .text.HAL_SPI_Transmit
                0x08011bf2      0x278 ./Drivers/STM32F4xx_HAL_Driver/Src/stm32f4xx_hal_spi.o
                0x08011bf2                HAL_SPI_Transmit
 *fill*         0x08011e6a        0x2 
 .text.SPI_WaitFlagStateUntilTimeout
                0x08011e6c      0x110 ./Drivers/STM32F4xx_HAL_Driver/Src/stm32f4xx_hal_spi.o
 .text.SPI_EndRxTxTransaction
                0x08011f7c       0x84 ./Drivers/STM32F4xx_HAL_Driver/Src/stm32f4xx_hal_spi.o
 .text.HAL_TIM_Base_Init
                0x08012000       0x9e ./Drivers/STM32F4xx_HAL_Driver/Src/stm32f4xx_hal_tim.o
                0x08012000                HAL_TIM_Base_Init
 *fill*         0x0801209e        0x2 
 .text.HAL_TIM_Base_Start
                0x080120a0       0xb4 ./Drivers/STM32F4xx_HAL_Driver/Src/stm32f4xx_hal_tim.o
                0x080120a0                HAL_TIM_Base_Start
 .text.HAL_TIM_OC_Init
                0x08012154       0x9e ./Drivers/STM32F4xx_HAL_Driver/Src/stm32f4xx_hal_tim.o
                0x08012154                HAL_TIM_OC_Init
 .text.HAL_TIM_OC_MspInit
                0x080121f2       0x14 ./Drivers/STM32F4xx_HAL_Driver/Src/stm32f4xx_hal_tim.o
                0x080121f2                HAL_TIM_OC_MspInit
 .text.HAL_TIM_IRQHandler
                0x08012206      0x210 ./Drivers/STM32F4xx_HAL_Driver/Src/stm32f4xx_hal_tim.o
                0x08012206                HAL_TIM_IRQHandler
 *fill*         0x08012416        0x2 
 .text.HAL_TIM_OC_ConfigChannel
                0x08012418       0xb8 ./Drivers/STM32F4xx_HAL_Driver/Src/stm32f4xx_hal_tim.o
                0x08012418                HAL_TIM_OC_ConfigChannel
 .text.HAL_TIM_ConfigClockSource
                0x080124d0      0x18e ./Drivers/STM32F4xx_HAL_Driver/Src/stm32f4xx_hal_tim.o
                0x080124d0                HAL_TIM_ConfigClockSource
 .text.HAL_TIM_PeriodElapsedCallback
                0x0801265e       0x14 ./Drivers/STM32F4xx_HAL_Driver/Src/stm32f4xx_hal_tim.o
                0x0801265e                HAL_TIM_PeriodElapsedCallback
 .text.HAL_TIM_OC_DelayElapsedCallback
                0x08012672       0x14 ./Drivers/STM32F4xx_HAL_Driver/Src/stm32f4xx_hal_tim.o
                0x08012672                HAL_TIM_OC_DelayElapsedCallback
 .text.HAL_TIM_IC_CaptureCallback
                0x08012686       0x14 ./Drivers/STM32F4xx_HAL_Driver/Src/stm32f4xx_hal_tim.o
                0x08012686                HAL_TIM_IC_CaptureCallback
 .text.HAL_TIM_PWM_PulseFinishedCallback
                0x0801269a       0x14 ./Drivers/STM32F4xx_HAL_Driver/Src/stm32f4xx_hal_tim.o
                0x0801269a                HAL_TIM_PWM_PulseFinishedCallback
 .text.HAL_TIM_TriggerCallback
                0x080126ae       0x14 ./Drivers/STM32F4xx_HAL_Driver/Src/stm32f4xx_hal_tim.o
                0x080126ae                HAL_TIM_TriggerCallback
 *fill*         0x080126c2        0x2 
 .text.TIM_Base_SetConfig
                0x080126c4      0x100 ./Drivers/STM32F4xx_HAL_Driver/Src/stm32f4xx_hal_tim.o
                0x080126c4                TIM_Base_SetConfig
 .text.TIM_OC1_SetConfig
                0x080127c4       0xcc ./Drivers/STM32F4xx_HAL_Driver/Src/stm32f4xx_hal_tim.o
 .text.TIM_OC2_SetConfig
                0x08012890       0xd8 ./Drivers/STM32F4xx_HAL_Driver/Src/stm32f4xx_hal_tim.o
                0x08012890                TIM_OC2_SetConfig
 .text.TIM_OC3_SetConfig
                0x08012968       0xd4 ./Drivers/STM32F4xx_HAL_Driver/Src/stm32f4xx_hal_tim.o
 .text.TIM_OC4_SetConfig
                0x08012a3c       0xa0 ./Drivers/STM32F4xx_HAL_Driver/Src/stm32f4xx_hal_tim.o
 .text.TIM_TI1_ConfigInputStage
                0x08012adc       0x5e ./Drivers/STM32F4xx_HAL_Driver/Src/stm32f4xx_hal_tim.o
 .text.TIM_TI2_ConfigInputStage
                0x08012b3a       0x60 ./Drivers/STM32F4xx_HAL_Driver/Src/stm32f4xx_hal_tim.o
 .text.TIM_ITRx_SetConfig
                0x08012b9a       0x36 ./Drivers/STM32F4xx_HAL_Driver/Src/stm32f4xx_hal_tim.o
 .text.TIM_ETR_SetConfig
                0x08012bd0       0x40 ./Drivers/STM32F4xx_HAL_Driver/Src/stm32f4xx_hal_tim.o
                0x08012bd0                TIM_ETR_SetConfig
 .text.HAL_TIMEx_MasterConfigSynchronization
                0x08012c10       0xdc ./Drivers/STM32F4xx_HAL_Driver/Src/stm32f4xx_hal_tim_ex.o
                0x08012c10                HAL_TIMEx_MasterConfigSynchronization
 .text.HAL_TIMEx_CommutCallback
                0x08012cec       0x14 ./Drivers/STM32F4xx_HAL_Driver/Src/stm32f4xx_hal_tim_ex.o
                0x08012cec                HAL_TIMEx_CommutCallback
 .text.HAL_TIMEx_BreakCallback
                0x08012d00       0x14 ./Drivers/STM32F4xx_HAL_Driver/Src/stm32f4xx_hal_tim_ex.o
                0x08012d00                HAL_TIMEx_BreakCallback
 .text.USB_CoreInit
                0x08012d14       0xc2 ./Drivers/STM32F4xx_HAL_Driver/Src/stm32f4xx_ll_usb.o
                0x08012d14                USB_CoreInit
 *fill*         0x08012dd6        0x2 
 .text.USB_SetTurnaroundTime
                0x08012dd8      0x144 ./Drivers/STM32F4xx_HAL_Driver/Src/stm32f4xx_ll_usb.o
                0x08012dd8                USB_SetTurnaroundTime
 .text.USB_EnableGlobalInt
                0x08012f1c       0x22 ./Drivers/STM32F4xx_HAL_Driver/Src/stm32f4xx_ll_usb.o
                0x08012f1c                USB_EnableGlobalInt
 .text.USB_DisableGlobalInt
                0x08012f3e       0x22 ./Drivers/STM32F4xx_HAL_Driver/Src/stm32f4xx_ll_usb.o
                0x08012f3e                USB_DisableGlobalInt
 .text.USB_SetCurrentMode
                0x08012f60       0x98 ./Drivers/STM32F4xx_HAL_Driver/Src/stm32f4xx_ll_usb.o
                0x08012f60                USB_SetCurrentMode
 .text.USB_DevInit
                0x08012ff8      0x2c8 ./Drivers/STM32F4xx_HAL_Driver/Src/stm32f4xx_ll_usb.o
                0x08012ff8                USB_DevInit
 .text.USB_FlushTxFifo
                0x080132c0       0x48 ./Drivers/STM32F4xx_HAL_Driver/Src/stm32f4xx_ll_usb.o
                0x080132c0                USB_FlushTxFifo
 .text.USB_FlushRxFifo
                0x08013308       0x40 ./Drivers/STM32F4xx_HAL_Driver/Src/stm32f4xx_ll_usb.o
                0x08013308                USB_FlushRxFifo
 .text.USB_SetDevSpeed
                0x08013348       0x32 ./Drivers/STM32F4xx_HAL_Driver/Src/stm32f4xx_ll_usb.o
                0x08013348                USB_SetDevSpeed
 .text.USB_GetDevSpeed
                0x0801337a       0x4a ./Drivers/STM32F4xx_HAL_Driver/Src/stm32f4xx_ll_usb.o
                0x0801337a                USB_GetDevSpeed
 .text.USB_ActivateEndpoint
                0x080133c4      0x10e ./Drivers/STM32F4xx_HAL_Driver/Src/stm32f4xx_ll_usb.o
                0x080133c4                USB_ActivateEndpoint
 *fill*         0x080134d2        0x2 
 .text.USB_DeactivateEndpoint
                0x080134d4      0x1b8 ./Drivers/STM32F4xx_HAL_Driver/Src/stm32f4xx_ll_usb.o
                0x080134d4                USB_DeactivateEndpoint
 .text.USB_EPStartXfer
                0x0801368c      0x488 ./Drivers/STM32F4xx_HAL_Driver/Src/stm32f4xx_ll_usb.o
                0x0801368c                USB_EPStartXfer
 .text.USB_EP0StartXfer
                0x08013b14      0x2a6 ./Drivers/STM32F4xx_HAL_Driver/Src/stm32f4xx_ll_usb.o
                0x08013b14                USB_EP0StartXfer
 .text.USB_WritePacket
                0x08013dba       0x7c ./Drivers/STM32F4xx_HAL_Driver/Src/stm32f4xx_ll_usb.o
                0x08013dba                USB_WritePacket
 .text.USB_ReadPacket
                0x08013e36       0xb0 ./Drivers/STM32F4xx_HAL_Driver/Src/stm32f4xx_ll_usb.o
                0x08013e36                USB_ReadPacket
 .text.USB_EPSetStall
                0x08013ee6       0xdc ./Drivers/STM32F4xx_HAL_Driver/Src/stm32f4xx_ll_usb.o
                0x08013ee6                USB_EPSetStall
 .text.USB_EPClearStall
                0x08013fc2       0xcc ./Drivers/STM32F4xx_HAL_Driver/Src/stm32f4xx_ll_usb.o
                0x08013fc2                USB_EPClearStall
 .text.USB_SetDevAddress
                0x0801408e       0x4c ./Drivers/STM32F4xx_HAL_Driver/Src/stm32f4xx_ll_usb.o
                0x0801408e                USB_SetDevAddress
 .text.USB_DevConnect
                0x080140da       0x42 ./Drivers/STM32F4xx_HAL_Driver/Src/stm32f4xx_ll_usb.o
                0x080140da                USB_DevConnect
 .text.USB_DevDisconnect
                0x0801411c       0x42 ./Drivers/STM32F4xx_HAL_Driver/Src/stm32f4xx_ll_usb.o
                0x0801411c                USB_DevDisconnect
 .text.USB_ReadInterrupts
                0x0801415e       0x26 ./Drivers/STM32F4xx_HAL_Driver/Src/stm32f4xx_ll_usb.o
                0x0801415e                USB_ReadInterrupts
 .text.USB_ReadDevAllOutEpInterrupt
                0x08014184       0x34 ./Drivers/STM32F4xx_HAL_Driver/Src/stm32f4xx_ll_usb.o
                0x08014184                USB_ReadDevAllOutEpInterrupt
 .text.USB_ReadDevAllInEpInterrupt
                0x080141b8       0x34 ./Drivers/STM32F4xx_HAL_Driver/Src/stm32f4xx_ll_usb.o
                0x080141b8                USB_ReadDevAllInEpInterrupt
 .text.USB_ReadDevOutEPInterrupt
                0x080141ec       0x3c ./Drivers/STM32F4xx_HAL_Driver/Src/stm32f4xx_ll_usb.o
                0x080141ec                USB_ReadDevOutEPInterrupt
 .text.USB_ReadDevInEPInterrupt
                0x08014228       0x5c ./Drivers/STM32F4xx_HAL_Driver/Src/stm32f4xx_ll_usb.o
                0x08014228                USB_ReadDevInEPInterrupt
 .text.USB_GetMode
                0x08014284       0x1c ./Drivers/STM32F4xx_HAL_Driver/Src/stm32f4xx_ll_usb.o
                0x08014284                USB_GetMode
 .text.USB_ActivateSetup
                0x080142a0       0x46 ./Drivers/STM32F4xx_HAL_Driver/Src/stm32f4xx_ll_usb.o
                0x080142a0                USB_ActivateSetup
 *fill*         0x080142e6        0x2 
 .text.USB_EP0_OutStart
                0x080142e8       0xbc ./Drivers/STM32F4xx_HAL_Driver/Src/stm32f4xx_ll_usb.o
                0x080142e8                USB_EP0_OutStart
 .text.USB_CoreReset
                0x080143a4       0x64 ./Drivers/STM32F4xx_HAL_Driver/Src/stm32f4xx_ll_usb.o
 .text.USBD_CDC_Init
                0x08014408       0xfe ./Middlewares/ST/STM32_USB_Device_Library/Class/CDC/Src/usbd_cdc.o
 .text.USBD_CDC_DeInit
                0x08014506       0x74 ./Middlewares/ST/STM32_USB_Device_Library/Class/CDC/Src/usbd_cdc.o
 *fill*         0x0801457a        0x2 
 .text.USBD_CDC_Setup
                0x0801457c      0x190 ./Middlewares/ST/STM32_USB_Device_Library/Class/CDC/Src/usbd_cdc.o
 .text.USBD_CDC_DataIn
                0x0801470c       0xca ./Middlewares/ST/STM32_USB_Device_Library/Class/CDC/Src/usbd_cdc.o
 .text.USBD_CDC_DataOut
                0x080147d6       0x56 ./Middlewares/ST/STM32_USB_Device_Library/Class/CDC/Src/usbd_cdc.o
 .text.USBD_CDC_EP0_RxReady
                0x0801482c       0x58 ./Middlewares/ST/STM32_USB_Device_Library/Class/CDC/Src/usbd_cdc.o
 .text.USBD_CDC_GetFSCfgDesc
                0x08014884       0x20 ./Middlewares/ST/STM32_USB_Device_Library/Class/CDC/Src/usbd_cdc.o
 .text.USBD_CDC_GetHSCfgDesc
                0x080148a4       0x20 ./Middlewares/ST/STM32_USB_Device_Library/Class/CDC/Src/usbd_cdc.o
 .text.USBD_CDC_GetOtherSpeedCfgDesc
                0x080148c4       0x20 ./Middlewares/ST/STM32_USB_Device_Library/Class/CDC/Src/usbd_cdc.o
 .text.USBD_CDC_GetDeviceQualifierDescriptor
                0x080148e4       0x20 ./Middlewares/ST/STM32_USB_Device_Library/Class/CDC/Src/usbd_cdc.o
                0x080148e4                USBD_CDC_GetDeviceQualifierDescriptor
 .text.USBD_CDC_RegisterInterface
                0x08014904       0x2a ./Middlewares/ST/STM32_USB_Device_Library/Class/CDC/Src/usbd_cdc.o
                0x08014904                USBD_CDC_RegisterInterface
 .text.USBD_CDC_SetTxBuffer
                0x0801492e       0x3c ./Middlewares/ST/STM32_USB_Device_Library/Class/CDC/Src/usbd_cdc.o
                0x0801492e                USBD_CDC_SetTxBuffer
 .text.USBD_CDC_SetRxBuffer
                0x0801496a       0x32 ./Middlewares/ST/STM32_USB_Device_Library/Class/CDC/Src/usbd_cdc.o
                0x0801496a                USBD_CDC_SetRxBuffer
 .text.USBD_CDC_TransmitPacket
                0x0801499c       0x60 ./Middlewares/ST/STM32_USB_Device_Library/Class/CDC/Src/usbd_cdc.o
                0x0801499c                USBD_CDC_TransmitPacket
 .text.USBD_CDC_ReceivePacket
                0x080149fc       0x54 ./Middlewares/ST/STM32_USB_Device_Library/Class/CDC/Src/usbd_cdc.o
                0x080149fc                USBD_CDC_ReceivePacket
 .text.USBD_Init
                0x08014a50       0x60 ./Middlewares/ST/STM32_USB_Device_Library/Core/Src/usbd_core.o
                0x08014a50                USBD_Init
 .text.USBD_RegisterClass
                0x08014ab0       0x4e ./Middlewares/ST/STM32_USB_Device_Library/Core/Src/usbd_core.o
                0x08014ab0                USBD_RegisterClass
 .text.USBD_Start
                0x08014afe       0x18 ./Middlewares/ST/STM32_USB_Device_Library/Core/Src/usbd_core.o
                0x08014afe                USBD_Start
 .text.USBD_RunTestMode
                0x08014b16       0x16 ./Middlewares/ST/STM32_USB_Device_Library/Core/Src/usbd_core.o
                0x08014b16                USBD_RunTestMode
 .text.USBD_SetClassConfig
                0x08014b2c       0x38 ./Middlewares/ST/STM32_USB_Device_Library/Core/Src/usbd_core.o
                0x08014b2c                USBD_SetClassConfig
 .text.USBD_ClrClassConfig
                0x08014b64       0x30 ./Middlewares/ST/STM32_USB_Device_Library/Core/Src/usbd_core.o
                0x08014b64                USBD_ClrClassConfig
 .text.USBD_LL_SetupStage
                0x08014b94       0xaa ./Middlewares/ST/STM32_USB_Device_Library/Core/Src/usbd_core.o
                0x08014b94                USBD_LL_SetupStage
 .text.USBD_LL_DataOutStage
                0x08014c3e       0xc6 ./Middlewares/ST/STM32_USB_Device_Library/Core/Src/usbd_core.o
                0x08014c3e                USBD_LL_DataOutStage
 .text.USBD_LL_DataInStage
                0x08014d04      0x12c ./Middlewares/ST/STM32_USB_Device_Library/Core/Src/usbd_core.o
                0x08014d04                USBD_LL_DataInStage
 .text.USBD_LL_Reset
                0x08014e30       0x9c ./Middlewares/ST/STM32_USB_Device_Library/Core/Src/usbd_core.o
                0x08014e30                USBD_LL_Reset
 .text.USBD_LL_SetSpeed
                0x08014ecc       0x20 ./Middlewares/ST/STM32_USB_Device_Library/Core/Src/usbd_core.o
                0x08014ecc                USBD_LL_SetSpeed
 .text.USBD_LL_Suspend
                0x08014eec       0x2c ./Middlewares/ST/STM32_USB_Device_Library/Core/Src/usbd_core.o
                0x08014eec                USBD_LL_Suspend
 .text.USBD_LL_Resume
                0x08014f18       0x30 ./Middlewares/ST/STM32_USB_Device_Library/Core/Src/usbd_core.o
                0x08014f18                USBD_LL_Resume
 .text.USBD_LL_SOF
                0x08014f48       0x44 ./Middlewares/ST/STM32_USB_Device_Library/Core/Src/usbd_core.o
                0x08014f48                USBD_LL_SOF
 .text.USBD_LL_IsoINIncomplete
                0x08014f8c       0x4c ./Middlewares/ST/STM32_USB_Device_Library/Core/Src/usbd_core.o
                0x08014f8c                USBD_LL_IsoINIncomplete
 .text.USBD_LL_IsoOUTIncomplete
                0x08014fd8       0x4c ./Middlewares/ST/STM32_USB_Device_Library/Core/Src/usbd_core.o
                0x08014fd8                USBD_LL_IsoOUTIncomplete
 .text.USBD_LL_DevConnected
                0x08015024       0x16 ./Middlewares/ST/STM32_USB_Device_Library/Core/Src/usbd_core.o
                0x08015024                USBD_LL_DevConnected
 .text.USBD_LL_DevDisconnected
                0x0801503a       0x38 ./Middlewares/ST/STM32_USB_Device_Library/Core/Src/usbd_core.o
                0x0801503a                USBD_LL_DevDisconnected
 .text.SWAPBYTE
                0x08015072       0x3c ./Middlewares/ST/STM32_USB_Device_Library/Core/Src/usbd_ctlreq.o
 *fill*         0x080150ae        0x2 
 .text.USBD_StdDevReq
                0x080150b0       0xdc ./Middlewares/ST/STM32_USB_Device_Library/Core/Src/usbd_ctlreq.o
                0x080150b0                USBD_StdDevReq
 .text.USBD_StdItfReq
                0x0801518c       0x92 ./Middlewares/ST/STM32_USB_Device_Library/Core/Src/usbd_ctlreq.o
                0x0801518c                USBD_StdItfReq
 .text.USBD_StdEPReq
                0x0801521e      0x2c4 ./Middlewares/ST/STM32_USB_Device_Library/Core/Src/usbd_ctlreq.o
                0x0801521e                USBD_StdEPReq
 *fill*         0x080154e2        0x2 
 .text.USBD_GetDescriptor
                0x080154e4      0x2d4 ./Middlewares/ST/STM32_USB_Device_Library/Core/Src/usbd_ctlreq.o
 .text.USBD_SetAddress
                0x080157b8       0x88 ./Middlewares/ST/STM32_USB_Device_Library/Core/Src/usbd_ctlreq.o
 .text.USBD_SetConfig
                0x08015840      0x14c ./Middlewares/ST/STM32_USB_Device_Library/Core/Src/usbd_ctlreq.o
 .text.USBD_GetConfig
                0x0801598c       0x6c ./Middlewares/ST/STM32_USB_Device_Library/Core/Src/usbd_ctlreq.o
 .text.USBD_GetStatus
                0x080159f8       0x68 ./Middlewares/ST/STM32_USB_Device_Library/Core/Src/usbd_ctlreq.o
 .text.USBD_SetFeature
                0x08015a60       0x28 ./Middlewares/ST/STM32_USB_Device_Library/Core/Src/usbd_ctlreq.o
 .text.USBD_ClrFeature
                0x08015a88       0x44 ./Middlewares/ST/STM32_USB_Device_Library/Core/Src/usbd_ctlreq.o
 .text.USBD_ParseSetupRequest
                0x08015acc       0x74 ./Middlewares/ST/STM32_USB_Device_Library/Core/Src/usbd_ctlreq.o
                0x08015acc                USBD_ParseSetupRequest
 .text.USBD_CtlError
                0x08015b40       0x22 ./Middlewares/ST/STM32_USB_Device_Library/Core/Src/usbd_ctlreq.o
                0x08015b40                USBD_CtlError
 .text.USBD_GetString
                0x08015b62       0x8c ./Middlewares/ST/STM32_USB_Device_Library/Core/Src/usbd_ctlreq.o
                0x08015b62                USBD_GetString
 .text.USBD_GetLen
                0x08015bee       0x34 ./Middlewares/ST/STM32_USB_Device_Library/Core/Src/usbd_ctlreq.o
 .text.USBD_CtlSendData
                0x08015c22       0x36 ./Middlewares/ST/STM32_USB_Device_Library/Core/Src/usbd_ioreq.o
                0x08015c22                USBD_CtlSendData
 .text.USBD_CtlContinueSendData
                0x08015c58       0x22 ./Middlewares/ST/STM32_USB_Device_Library/Core/Src/usbd_ioreq.o
                0x08015c58                USBD_CtlContinueSendData
 .text.USBD_CtlPrepareRx
                0x08015c7a       0x3a ./Middlewares/ST/STM32_USB_Device_Library/Core/Src/usbd_ioreq.o
                0x08015c7a                USBD_CtlPrepareRx
 .text.USBD_CtlContinueRx
                0x08015cb4       0x22 ./Middlewares/ST/STM32_USB_Device_Library/Core/Src/usbd_ioreq.o
                0x08015cb4                USBD_CtlContinueRx
 .text.USBD_CtlSendStatus
                0x08015cd6       0x26 ./Middlewares/ST/STM32_USB_Device_Library/Core/Src/usbd_ioreq.o
                0x08015cd6                USBD_CtlSendStatus
 .text.USBD_CtlReceiveStatus
                0x08015cfc       0x26 ./Middlewares/ST/STM32_USB_Device_Library/Core/Src/usbd_ioreq.o
                0x08015cfc                USBD_CtlReceiveStatus
 *fill*         0x08015d22        0x2 
 .text.MX_USB_DEVICE_Init
                0x08015d24       0x60 ./USB_DEVICE/App/usb_device.o
                0x08015d24                MX_USB_DEVICE_Init
 .text.CDC_Init_FS
                0x08015d84       0x28 ./USB_DEVICE/App/usbd_cdc_if.o
 .text.CDC_DeInit_FS
                0x08015dac       0x10 ./USB_DEVICE/App/usbd_cdc_if.o
 .text.CDC_Control_FS
                0x08015dbc       0xbc ./USB_DEVICE/App/usbd_cdc_if.o
 .text.CDC_Receive_FS
                0x08015e78       0x28 ./USB_DEVICE/App/usbd_cdc_if.o
 .text.CDC_Transmit_FS
                0x08015ea0       0x4c ./USB_DEVICE/App/usbd_cdc_if.o
                0x08015ea0                CDC_Transmit_FS
 .text.CDC_TransmitCplt_FS
                0x08015eec       0x22 ./USB_DEVICE/App/usbd_cdc_if.o
 *fill*         0x08015f0e        0x2 
 .text.USBD_FS_DeviceDescriptor
                0x08015f10       0x24 ./USB_DEVICE/App/usbd_desc.o
                0x08015f10                USBD_FS_DeviceDescriptor
 .text.USBD_FS_LangIDStrDescriptor
                0x08015f34       0x24 ./USB_DEVICE/App/usbd_desc.o
                0x08015f34                USBD_FS_LangIDStrDescriptor
 .text.USBD_FS_ProductStrDescriptor
                0x08015f58       0x3c ./USB_DEVICE/App/usbd_desc.o
                0x08015f58                USBD_FS_ProductStrDescriptor
 .text.USBD_FS_ManufacturerStrDescriptor
                0x08015f94       0x28 ./USB_DEVICE/App/usbd_desc.o
                0x08015f94                USBD_FS_ManufacturerStrDescriptor
 .text.USBD_FS_SerialStrDescriptor
                0x08015fbc       0x24 ./USB_DEVICE/App/usbd_desc.o
                0x08015fbc                USBD_FS_SerialStrDescriptor
 .text.USBD_FS_ConfigStrDescriptor
                0x08015fe0       0x3c ./USB_DEVICE/App/usbd_desc.o
                0x08015fe0                USBD_FS_ConfigStrDescriptor
 .text.USBD_FS_InterfaceStrDescriptor
                0x0801601c       0x3c ./USB_DEVICE/App/usbd_desc.o
                0x0801601c                USBD_FS_InterfaceStrDescriptor
 .text.Get_SerialNum
                0x08016058       0x58 ./USB_DEVICE/App/usbd_desc.o
 .text.IntToUnicode
                0x080160b0       0x7e ./USB_DEVICE/App/usbd_desc.o
 *fill*         0x0801612e        0x2 
 .text.HAL_PCD_MspInit
                0x08016130       0xa8 ./USB_DEVICE/Target/usbd_conf.o
                0x08016130                HAL_PCD_MspInit
 .text.HAL_PCD_SetupStageCallback
                0x080161d8       0x24 ./USB_DEVICE/Target/usbd_conf.o
                0x080161d8                HAL_PCD_SetupStageCallback
 .text.HAL_PCD_DataOutStageCallback
                0x080161fc       0x36 ./USB_DEVICE/Target/usbd_conf.o
                0x080161fc                HAL_PCD_DataOutStageCallback
 .text.HAL_PCD_DataInStageCallback
                0x08016232       0x34 ./USB_DEVICE/Target/usbd_conf.o
                0x08016232                HAL_PCD_DataInStageCallback
 .text.HAL_PCD_SOFCallback
                0x08016266       0x1c ./USB_DEVICE/Target/usbd_conf.o
                0x08016266                HAL_PCD_SOFCallback
 .text.HAL_PCD_ResetCallback
                0x08016282       0x3c ./USB_DEVICE/Target/usbd_conf.o
                0x08016282                HAL_PCD_ResetCallback
 *fill*         0x080162be        0x2 
 .text.HAL_PCD_SuspendCallback
                0x080162c0       0x4c ./USB_DEVICE/Target/usbd_conf.o
                0x080162c0                HAL_PCD_SuspendCallback
 .text.HAL_PCD_ResumeCallback
                0x0801630c       0x1c ./USB_DEVICE/Target/usbd_conf.o
                0x0801630c                HAL_PCD_ResumeCallback
 .text.HAL_PCD_ISOOUTIncompleteCallback
                0x08016328       0x24 ./USB_DEVICE/Target/usbd_conf.o
                0x08016328                HAL_PCD_ISOOUTIncompleteCallback
 .text.HAL_PCD_ISOINIncompleteCallback
                0x0801634c       0x24 ./USB_DEVICE/Target/usbd_conf.o
                0x0801634c                HAL_PCD_ISOINIncompleteCallback
 .text.HAL_PCD_ConnectCallback
                0x08016370       0x1c ./USB_DEVICE/Target/usbd_conf.o
                0x08016370                HAL_PCD_ConnectCallback
 .text.HAL_PCD_DisconnectCallback
                0x0801638c       0x1c ./USB_DEVICE/Target/usbd_conf.o
                0x0801638c                HAL_PCD_DisconnectCallback
 .text.USBD_LL_Init
                0x080163a8       0x98 ./USB_DEVICE/Target/usbd_conf.o
                0x080163a8                USBD_LL_Init
 .text.USBD_LL_Start
                0x08016440       0x36 ./USB_DEVICE/Target/usbd_conf.o
                0x08016440                USBD_LL_Start
 .text.USBD_LL_OpenEP
                0x08016476       0x4c ./USB_DEVICE/Target/usbd_conf.o
                0x08016476                USBD_LL_OpenEP
 .text.USBD_LL_CloseEP
                0x080164c2       0x3e ./USB_DEVICE/Target/usbd_conf.o
                0x080164c2                USBD_LL_CloseEP
 .text.USBD_LL_StallEP
                0x08016500       0x3e ./USB_DEVICE/Target/usbd_conf.o
                0x08016500                USBD_LL_StallEP
 .text.USBD_LL_ClearStallEP
                0x0801653e       0x3e ./USB_DEVICE/Target/usbd_conf.o
                0x0801653e                USBD_LL_ClearStallEP
 .text.USBD_LL_IsStallEP
                0x0801657c       0x58 ./USB_DEVICE/Target/usbd_conf.o
                0x0801657c                USBD_LL_IsStallEP
 .text.USBD_LL_SetUSBAddress
                0x080165d4       0x3e ./USB_DEVICE/Target/usbd_conf.o
                0x080165d4                USBD_LL_SetUSBAddress
 .text.USBD_LL_Transmit
                0x08016612       0x42 ./USB_DEVICE/Target/usbd_conf.o
                0x08016612                USBD_LL_Transmit
 .text.USBD_LL_PrepareReceive
                0x08016654       0x42 ./USB_DEVICE/Target/usbd_conf.o
                0x08016654                USBD_LL_PrepareReceive
 .text.USBD_LL_GetRxDataSize
                0x08016696       0x26 ./USB_DEVICE/Target/usbd_conf.o
                0x08016696                USBD_LL_GetRxDataSize
 .text.USBD_static_malloc
                0x080166bc       0x1c ./USB_DEVICE/Target/usbd_conf.o
                0x080166bc                USBD_static_malloc
 .text.USBD_static_free
                0x080166d8       0x14 ./USB_DEVICE/Target/usbd_conf.o
                0x080166d8                USBD_static_free
 .text.USBD_Get_USB_Status
                0x080166ec       0x58 ./USB_DEVICE/Target/usbd_conf.o
                0x080166ec                USBD_Get_USB_Status
 .text.malloc   0x08016744       0x10 C:/ST/STM32CubeIDE_1.12.0/STM32CubeIDE/plugins/com.st.stm32cube.ide.mcu.externaltools.gnu-tools-for-stm32.12.3.rel1.win32_1.0.200.202406191623/tools/bin/../lib/gcc/arm-none-eabi/12.3.1/../../../../arm-none-eabi/lib/thumb/v7e-m+fp/hard\libc_nano.a(libc_a-malloc.o)
                0x08016744                malloc
 .text.free     0x08016754       0x10 C:/ST/STM32CubeIDE_1.12.0/STM32CubeIDE/plugins/com.st.stm32cube.ide.mcu.externaltools.gnu-tools-for-stm32.12.3.rel1.win32_1.0.200.202406191623/tools/bin/../lib/gcc/arm-none-eabi/12.3.1/../../../../arm-none-eabi/lib/thumb/v7e-m+fp/hard\libc_nano.a(libc_a-malloc.o)
                0x08016754                free
 .text.sbrk_aligned
                0x08016764       0x44 C:/ST/STM32CubeIDE_1.12.0/STM32CubeIDE/plugins/com.st.stm32cube.ide.mcu.externaltools.gnu-tools-for-stm32.12.3.rel1.win32_1.0.200.202406191623/tools/bin/../lib/gcc/arm-none-eabi/12.3.1/../../../../arm-none-eabi/lib/thumb/v7e-m+fp/hard\libc_nano.a(libc_a-mallocr.o)
 .text._malloc_r
                0x080167a8      0x100 C:/ST/STM32CubeIDE_1.12.0/STM32CubeIDE/plugins/com.st.stm32cube.ide.mcu.externaltools.gnu-tools-for-stm32.12.3.rel1.win32_1.0.200.202406191623/tools/bin/../lib/gcc/arm-none-eabi/12.3.1/../../../../arm-none-eabi/lib/thumb/v7e-m+fp/hard\libc_nano.a(libc_a-mallocr.o)
                0x080167a8                _malloc_r
 .text.__malloc_lock
                0x080168a8        0xc C:/ST/STM32CubeIDE_1.12.0/STM32CubeIDE/plugins/com.st.stm32cube.ide.mcu.externaltools.gnu-tools-for-stm32.12.3.rel1.win32_1.0.200.202406191623/tools/bin/../lib/gcc/arm-none-eabi/12.3.1/../../../../arm-none-eabi/lib/thumb/v7e-m+fp/hard\libc_nano.a(libc_a-mlock.o)
                0x080168a8                __malloc_lock
 .text.__malloc_unlock
                0x080168b4        0xc C:/ST/STM32CubeIDE_1.12.0/STM32CubeIDE/plugins/com.st.stm32cube.ide.mcu.externaltools.gnu-tools-for-stm32.12.3.rel1.win32_1.0.200.202406191623/tools/bin/../lib/gcc/arm-none-eabi/12.3.1/../../../../arm-none-eabi/lib/thumb/v7e-m+fp/hard\libc_nano.a(libc_a-mlock.o)
                0x080168b4                __malloc_unlock
 .text.__cvt    0x080168c0       0xca C:/ST/STM32CubeIDE_1.12.0/STM32CubeIDE/plugins/com.st.stm32cube.ide.mcu.externaltools.gnu-tools-for-stm32.12.3.rel1.win32_1.0.200.202406191623/tools/bin/../lib/gcc/arm-none-eabi/12.3.1/../../../../arm-none-eabi/lib/thumb/v7e-m+fp/hard\libc_nano.a(libc_a-nano-vfprintf_float.o)
                0x080168c0                __cvt
 .text.__exponent
                0x0801698a       0x74 C:/ST/STM32CubeIDE_1.12.0/STM32CubeIDE/plugins/com.st.stm32cube.ide.mcu.externaltools.gnu-tools-for-stm32.12.3.rel1.win32_1.0.200.202406191623/tools/bin/../lib/gcc/arm-none-eabi/12.3.1/../../../../arm-none-eabi/lib/thumb/v7e-m+fp/hard\libc_nano.a(libc_a-nano-vfprintf_float.o)
                0x0801698a                __exponent
 *fill*         0x080169fe        0x2 
 .text._printf_float
                0x08016a00      0x454 C:/ST/STM32CubeIDE_1.12.0/STM32CubeIDE/plugins/com.st.stm32cube.ide.mcu.externaltools.gnu-tools-for-stm32.12.3.rel1.win32_1.0.200.202406191623/tools/bin/../lib/gcc/arm-none-eabi/12.3.1/../../../../arm-none-eabi/lib/thumb/v7e-m+fp/hard\libc_nano.a(libc_a-nano-vfprintf_float.o)
                0x08016a00                _printf_float
 .text._printf_common
                0x08016e54       0xda C:/ST/STM32CubeIDE_1.12.0/STM32CubeIDE/plugins/com.st.stm32cube.ide.mcu.externaltools.gnu-tools-for-stm32.12.3.rel1.win32_1.0.200.202406191623/tools/bin/../lib/gcc/arm-none-eabi/12.3.1/../../../../arm-none-eabi/lib/thumb/v7e-m+fp/hard\libc_nano.a(libc_a-nano-vfprintf_i.o)
                0x08016e54                _printf_common
 *fill*         0x08016f2e        0x2 
 .text._printf_i
                0x08016f30      0x240 C:/ST/STM32CubeIDE_1.12.0/STM32CubeIDE/plugins/com.st.stm32cube.ide.mcu.externaltools.gnu-tools-for-stm32.12.3.rel1.win32_1.0.200.202406191623/tools/bin/../lib/gcc/arm-none-eabi/12.3.1/../../../../arm-none-eabi/lib/thumb/v7e-m+fp/hard\libc_nano.a(libc_a-nano-vfprintf_i.o)
                0x08016f30                _printf_i
 .text.std      0x08017170       0x6c C:/ST/STM32CubeIDE_1.12.0/STM32CubeIDE/plugins/com.st.stm32cube.ide.mcu.externaltools.gnu-tools-for-stm32.12.3.rel1.win32_1.0.200.202406191623/tools/bin/../lib/gcc/arm-none-eabi/12.3.1/../../../../arm-none-eabi/lib/thumb/v7e-m+fp/hard\libc_nano.a(libc_a-findfp.o)
 .text.stdio_exit_handler
                0x080171dc       0x18 C:/ST/STM32CubeIDE_1.12.0/STM32CubeIDE/plugins/com.st.stm32cube.ide.mcu.externaltools.gnu-tools-for-stm32.12.3.rel1.win32_1.0.200.202406191623/tools/bin/../lib/gcc/arm-none-eabi/12.3.1/../../../../arm-none-eabi/lib/thumb/v7e-m+fp/hard\libc_nano.a(libc_a-findfp.o)
 .text.cleanup_stdio
                0x080171f4       0x40 C:/ST/STM32CubeIDE_1.12.0/STM32CubeIDE/plugins/com.st.stm32cube.ide.mcu.externaltools.gnu-tools-for-stm32.12.3.rel1.win32_1.0.200.202406191623/tools/bin/../lib/gcc/arm-none-eabi/12.3.1/../../../../arm-none-eabi/lib/thumb/v7e-m+fp/hard\libc_nano.a(libc_a-findfp.o)
 .text.global_stdio_init.part.0
                0x08017234       0x3c C:/ST/STM32CubeIDE_1.12.0/STM32CubeIDE/plugins/com.st.stm32cube.ide.mcu.externaltools.gnu-tools-for-stm32.12.3.rel1.win32_1.0.200.202406191623/tools/bin/../lib/gcc/arm-none-eabi/12.3.1/../../../../arm-none-eabi/lib/thumb/v7e-m+fp/hard\libc_nano.a(libc_a-findfp.o)
 .text.__sfp_lock_acquire
                0x08017270        0xc C:/ST/STM32CubeIDE_1.12.0/STM32CubeIDE/plugins/com.st.stm32cube.ide.mcu.externaltools.gnu-tools-for-stm32.12.3.rel1.win32_1.0.200.202406191623/tools/bin/../lib/gcc/arm-none-eabi/12.3.1/../../../../arm-none-eabi/lib/thumb/v7e-m+fp/hard\libc_nano.a(libc_a-findfp.o)
                0x08017270                __sfp_lock_acquire
 .text.__sfp_lock_release
                0x0801727c        0xc C:/ST/STM32CubeIDE_1.12.0/STM32CubeIDE/plugins/com.st.stm32cube.ide.mcu.externaltools.gnu-tools-for-stm32.12.3.rel1.win32_1.0.200.202406191623/tools/bin/../lib/gcc/arm-none-eabi/12.3.1/../../../../arm-none-eabi/lib/thumb/v7e-m+fp/hard\libc_nano.a(libc_a-findfp.o)
                0x0801727c                __sfp_lock_release
 .text.__sinit  0x08017288       0x30 C:/ST/STM32CubeIDE_1.12.0/STM32CubeIDE/plugins/com.st.stm32cube.ide.mcu.externaltools.gnu-tools-for-stm32.12.3.rel1.win32_1.0.200.202406191623/tools/bin/../lib/gcc/arm-none-eabi/12.3.1/../../../../arm-none-eabi/lib/thumb/v7e-m+fp/hard\libc_nano.a(libc_a-findfp.o)
                0x08017288                __sinit
 .text._fwalk_sglue
                0x080172b8       0x3c C:/ST/STM32CubeIDE_1.12.0/STM32CubeIDE/plugins/com.st.stm32cube.ide.mcu.externaltools.gnu-tools-for-stm32.12.3.rel1.win32_1.0.200.202406191623/tools/bin/../lib/gcc/arm-none-eabi/12.3.1/../../../../arm-none-eabi/lib/thumb/v7e-m+fp/hard\libc_nano.a(libc_a-fwalk.o)
                0x080172b8                _fwalk_sglue
 .text.sprintf  0x080172f4       0x40 C:/ST/STM32CubeIDE_1.12.0/STM32CubeIDE/plugins/com.st.stm32cube.ide.mcu.externaltools.gnu-tools-for-stm32.12.3.rel1.win32_1.0.200.202406191623/tools/bin/../lib/gcc/arm-none-eabi/12.3.1/../../../../arm-none-eabi/lib/thumb/v7e-m+fp/hard\libc_nano.a(libc_a-sprintf.o)
                0x080172f4                siprintf
                0x080172f4                sprintf
 .text.__sread  0x08017334       0x22 C:/ST/STM32CubeIDE_1.12.0/STM32CubeIDE/plugins/com.st.stm32cube.ide.mcu.externaltools.gnu-tools-for-stm32.12.3.rel1.win32_1.0.200.202406191623/tools/bin/../lib/gcc/arm-none-eabi/12.3.1/../../../../arm-none-eabi/lib/thumb/v7e-m+fp/hard\libc_nano.a(libc_a-stdio.o)
                0x08017334                __sread
 .text.__swrite
                0x08017356       0x38 C:/ST/STM32CubeIDE_1.12.0/STM32CubeIDE/plugins/com.st.stm32cube.ide.mcu.externaltools.gnu-tools-for-stm32.12.3.rel1.win32_1.0.200.202406191623/tools/bin/../lib/gcc/arm-none-eabi/12.3.1/../../../../arm-none-eabi/lib/thumb/v7e-m+fp/hard\libc_nano.a(libc_a-stdio.o)
                0x08017356                __swrite
 .text.__sseek  0x0801738e       0x24 C:/ST/STM32CubeIDE_1.12.0/STM32CubeIDE/plugins/com.st.stm32cube.ide.mcu.externaltools.gnu-tools-for-stm32.12.3.rel1.win32_1.0.200.202406191623/tools/bin/../lib/gcc/arm-none-eabi/12.3.1/../../../../arm-none-eabi/lib/thumb/v7e-m+fp/hard\libc_nano.a(libc_a-stdio.o)
                0x0801738e                __sseek
 .text.__sclose
                0x080173b2        0x8 C:/ST/STM32CubeIDE_1.12.0/STM32CubeIDE/plugins/com.st.stm32cube.ide.mcu.externaltools.gnu-tools-for-stm32.12.3.rel1.win32_1.0.200.202406191623/tools/bin/../lib/gcc/arm-none-eabi/12.3.1/../../../../arm-none-eabi/lib/thumb/v7e-m+fp/hard\libc_nano.a(libc_a-stdio.o)
                0x080173b2                __sclose
 .text.memset   0x080173ba       0x10 C:/ST/STM32CubeIDE_1.12.0/STM32CubeIDE/plugins/com.st.stm32cube.ide.mcu.externaltools.gnu-tools-for-stm32.12.3.rel1.win32_1.0.200.202406191623/tools/bin/../lib/gcc/arm-none-eabi/12.3.1/../../../../arm-none-eabi/lib/thumb/v7e-m+fp/hard\libc_nano.a(libc_a-memset.o)
                0x080173ba                memset
 *fill*         0x080173ca        0x2 
 .text._localeconv_r
                0x080173cc        0x8 C:/ST/STM32CubeIDE_1.12.0/STM32CubeIDE/plugins/com.st.stm32cube.ide.mcu.externaltools.gnu-tools-for-stm32.12.3.rel1.win32_1.0.200.202406191623/tools/bin/../lib/gcc/arm-none-eabi/12.3.1/../../../../arm-none-eabi/lib/thumb/v7e-m+fp/hard\libc_nano.a(libc_a-localeconv.o)
                0x080173cc                _localeconv_r
 .text._close_r
                0x080173d4       0x20 C:/ST/STM32CubeIDE_1.12.0/STM32CubeIDE/plugins/com.st.stm32cube.ide.mcu.externaltools.gnu-tools-for-stm32.12.3.rel1.win32_1.0.200.202406191623/tools/bin/../lib/gcc/arm-none-eabi/12.3.1/../../../../arm-none-eabi/lib/thumb/v7e-m+fp/hard\libc_nano.a(libc_a-closer.o)
                0x080173d4                _close_r
 .text._lseek_r
                0x080173f4       0x24 C:/ST/STM32CubeIDE_1.12.0/STM32CubeIDE/plugins/com.st.stm32cube.ide.mcu.externaltools.gnu-tools-for-stm32.12.3.rel1.win32_1.0.200.202406191623/tools/bin/../lib/gcc/arm-none-eabi/12.3.1/../../../../arm-none-eabi/lib/thumb/v7e-m+fp/hard\libc_nano.a(libc_a-lseekr.o)
                0x080173f4                _lseek_r
 .text._read_r  0x08017418       0x24 C:/ST/STM32CubeIDE_1.12.0/STM32CubeIDE/plugins/com.st.stm32cube.ide.mcu.externaltools.gnu-tools-for-stm32.12.3.rel1.win32_1.0.200.202406191623/tools/bin/../lib/gcc/arm-none-eabi/12.3.1/../../../../arm-none-eabi/lib/thumb/v7e-m+fp/hard\libc_nano.a(libc_a-readr.o)
                0x08017418                _read_r
 .text._sbrk_r  0x0801743c       0x20 C:/ST/STM32CubeIDE_1.12.0/STM32CubeIDE/plugins/com.st.stm32cube.ide.mcu.externaltools.gnu-tools-for-stm32.12.3.rel1.win32_1.0.200.202406191623/tools/bin/../lib/gcc/arm-none-eabi/12.3.1/../../../../arm-none-eabi/lib/thumb/v7e-m+fp/hard\libc_nano.a(libc_a-sbrkr.o)
                0x0801743c                _sbrk_r
 .text._write_r
                0x0801745c       0x24 C:/ST/STM32CubeIDE_1.12.0/STM32CubeIDE/plugins/com.st.stm32cube.ide.mcu.externaltools.gnu-tools-for-stm32.12.3.rel1.win32_1.0.200.202406191623/tools/bin/../lib/gcc/arm-none-eabi/12.3.1/../../../../arm-none-eabi/lib/thumb/v7e-m+fp/hard\libc_nano.a(libc_a-writer.o)
                0x0801745c                _write_r
 .text.__errno  0x08017480        0xc C:/ST/STM32CubeIDE_1.12.0/STM32CubeIDE/plugins/com.st.stm32cube.ide.mcu.externaltools.gnu-tools-for-stm32.12.3.rel1.win32_1.0.200.202406191623/tools/bin/../lib/gcc/arm-none-eabi/12.3.1/../../../../arm-none-eabi/lib/thumb/v7e-m+fp/hard\libc_nano.a(libc_a-errno.o)
                0x08017480                __errno
 .text.__libc_init_array
                0x0801748c       0x48 C:/ST/STM32CubeIDE_1.12.0/STM32CubeIDE/plugins/com.st.stm32cube.ide.mcu.externaltools.gnu-tools-for-stm32.12.3.rel1.win32_1.0.200.202406191623/tools/bin/../lib/gcc/arm-none-eabi/12.3.1/../../../../arm-none-eabi/lib/thumb/v7e-m+fp/hard\libc_nano.a(libc_a-init.o)
                0x0801748c                __libc_init_array
 .text.__retarget_lock_init_recursive
                0x080174d4        0x2 C:/ST/STM32CubeIDE_1.12.0/STM32CubeIDE/plugins/com.st.stm32cube.ide.mcu.externaltools.gnu-tools-for-stm32.12.3.rel1.win32_1.0.200.202406191623/tools/bin/../lib/gcc/arm-none-eabi/12.3.1/../../../../arm-none-eabi/lib/thumb/v7e-m+fp/hard\libc_nano.a(libc_a-lock.o)
                0x080174d4                __retarget_lock_init_recursive
 .text.__retarget_lock_acquire_recursive
                0x080174d6        0x2 C:/ST/STM32CubeIDE_1.12.0/STM32CubeIDE/plugins/com.st.stm32cube.ide.mcu.externaltools.gnu-tools-for-stm32.12.3.rel1.win32_1.0.200.202406191623/tools/bin/../lib/gcc/arm-none-eabi/12.3.1/../../../../arm-none-eabi/lib/thumb/v7e-m+fp/hard\libc_nano.a(libc_a-lock.o)
                0x080174d6                __retarget_lock_acquire_recursive
 .text.__retarget_lock_release_recursive
                0x080174d8        0x2 C:/ST/STM32CubeIDE_1.12.0/STM32CubeIDE/plugins/com.st.stm32cube.ide.mcu.externaltools.gnu-tools-for-stm32.12.3.rel1.win32_1.0.200.202406191623/tools/bin/../lib/gcc/arm-none-eabi/12.3.1/../../../../arm-none-eabi/lib/thumb/v7e-m+fp/hard\libc_nano.a(libc_a-lock.o)
                0x080174d8                __retarget_lock_release_recursive
 .text.memcpy   0x080174da       0x1c C:/ST/STM32CubeIDE_1.12.0/STM32CubeIDE/plugins/com.st.stm32cube.ide.mcu.externaltools.gnu-tools-for-stm32.12.3.rel1.win32_1.0.200.202406191623/tools/bin/../lib/gcc/arm-none-eabi/12.3.1/../../../../arm-none-eabi/lib/thumb/v7e-m+fp/hard\libc_nano.a(libc_a-memcpy-stub.o)
                0x080174da                memcpy
 *fill*         0x080174f6        0x2 
 .text.frexp    0x080174f8       0x6c C:/ST/STM32CubeIDE_1.12.0/STM32CubeIDE/plugins/com.st.stm32cube.ide.mcu.externaltools.gnu-tools-for-stm32.12.3.rel1.win32_1.0.200.202406191623/tools/bin/../lib/gcc/arm-none-eabi/12.3.1/../../../../arm-none-eabi/lib/thumb/v7e-m+fp/hard\libc_nano.a(libm_a-s_frexp.o)
                0x080174f8                frexp
 .text.quorem   0x08017564      0x110 C:/ST/STM32CubeIDE_1.12.0/STM32CubeIDE/plugins/com.st.stm32cube.ide.mcu.externaltools.gnu-tools-for-stm32.12.3.rel1.win32_1.0.200.202406191623/tools/bin/../lib/gcc/arm-none-eabi/12.3.1/../../../../arm-none-eabi/lib/thumb/v7e-m+fp/hard\libc_nano.a(libc_a-dtoa.o)
 *fill*         0x08017674        0x4 
 .text._dtoa_r  0x08017678      0xb88 C:/ST/STM32CubeIDE_1.12.0/STM32CubeIDE/plugins/com.st.stm32cube.ide.mcu.externaltools.gnu-tools-for-stm32.12.3.rel1.win32_1.0.200.202406191623/tools/bin/../lib/gcc/arm-none-eabi/12.3.1/../../../../arm-none-eabi/lib/thumb/v7e-m+fp/hard\libc_nano.a(libc_a-dtoa.o)
                0x08017678                _dtoa_r
 .text._free_r  0x08018200       0x94 C:/ST/STM32CubeIDE_1.12.0/STM32CubeIDE/plugins/com.st.stm32cube.ide.mcu.externaltools.gnu-tools-for-stm32.12.3.rel1.win32_1.0.200.202406191623/tools/bin/../lib/gcc/arm-none-eabi/12.3.1/../../../../arm-none-eabi/lib/thumb/v7e-m+fp/hard\libc_nano.a(libc_a-freer.o)
                0x08018200                _free_r
 .text._Balloc  0x08018294       0x80 C:/ST/STM32CubeIDE_1.12.0/STM32CubeIDE/plugins/com.st.stm32cube.ide.mcu.externaltools.gnu-tools-for-stm32.12.3.rel1.win32_1.0.200.202406191623/tools/bin/../lib/gcc/arm-none-eabi/12.3.1/../../../../arm-none-eabi/lib/thumb/v7e-m+fp/hard\libc_nano.a(libc_a-mprec.o)
                0x08018294                _Balloc
 .text._Bfree   0x08018314       0x44 C:/ST/STM32CubeIDE_1.12.0/STM32CubeIDE/plugins/com.st.stm32cube.ide.mcu.externaltools.gnu-tools-for-stm32.12.3.rel1.win32_1.0.200.202406191623/tools/bin/../lib/gcc/arm-none-eabi/12.3.1/../../../../arm-none-eabi/lib/thumb/v7e-m+fp/hard\libc_nano.a(libc_a-mprec.o)
                0x08018314                _Bfree
 .text.__multadd
                0x08018358       0x8c C:/ST/STM32CubeIDE_1.12.0/STM32CubeIDE/plugins/com.st.stm32cube.ide.mcu.externaltools.gnu-tools-for-stm32.12.3.rel1.win32_1.0.200.202406191623/tools/bin/../lib/gcc/arm-none-eabi/12.3.1/../../../../arm-none-eabi/lib/thumb/v7e-m+fp/hard\libc_nano.a(libc_a-mprec.o)
                0x08018358                __multadd
 .text.__hi0bits
                0x080183e4       0x3e C:/ST/STM32CubeIDE_1.12.0/STM32CubeIDE/plugins/com.st.stm32cube.ide.mcu.externaltools.gnu-tools-for-stm32.12.3.rel1.win32_1.0.200.202406191623/tools/bin/../lib/gcc/arm-none-eabi/12.3.1/../../../../arm-none-eabi/lib/thumb/v7e-m+fp/hard\libc_nano.a(libc_a-mprec.o)
                0x080183e4                __hi0bits
 .text.__lo0bits
                0x08018422       0x5a C:/ST/STM32CubeIDE_1.12.0/STM32CubeIDE/plugins/com.st.stm32cube.ide.mcu.externaltools.gnu-tools-for-stm32.12.3.rel1.win32_1.0.200.202406191623/tools/bin/../lib/gcc/arm-none-eabi/12.3.1/../../../../arm-none-eabi/lib/thumb/v7e-m+fp/hard\libc_nano.a(libc_a-mprec.o)
                0x08018422                __lo0bits
 .text.__i2b    0x0801847c       0x2c C:/ST/STM32CubeIDE_1.12.0/STM32CubeIDE/plugins/com.st.stm32cube.ide.mcu.externaltools.gnu-tools-for-stm32.12.3.rel1.win32_1.0.200.202406191623/tools/bin/../lib/gcc/arm-none-eabi/12.3.1/../../../../arm-none-eabi/lib/thumb/v7e-m+fp/hard\libc_nano.a(libc_a-mprec.o)
                0x0801847c                __i2b
 .text.__multiply
                0x080184a8      0x154 C:/ST/STM32CubeIDE_1.12.0/STM32CubeIDE/plugins/com.st.stm32cube.ide.mcu.externaltools.gnu-tools-for-stm32.12.3.rel1.win32_1.0.200.202406191623/tools/bin/../lib/gcc/arm-none-eabi/12.3.1/../../../../arm-none-eabi/lib/thumb/v7e-m+fp/hard\libc_nano.a(libc_a-mprec.o)
                0x080184a8                __multiply
 .text.__pow5mult
                0x080185fc       0xb4 C:/ST/STM32CubeIDE_1.12.0/STM32CubeIDE/plugins/com.st.stm32cube.ide.mcu.externaltools.gnu-tools-for-stm32.12.3.rel1.win32_1.0.200.202406191623/tools/bin/../lib/gcc/arm-none-eabi/12.3.1/../../../../arm-none-eabi/lib/thumb/v7e-m+fp/hard\libc_nano.a(libc_a-mprec.o)
                0x080185fc                __pow5mult
 .text.__lshift
                0x080186b0       0xd8 C:/ST/STM32CubeIDE_1.12.0/STM32CubeIDE/plugins/com.st.stm32cube.ide.mcu.externaltools.gnu-tools-for-stm32.12.3.rel1.win32_1.0.200.202406191623/tools/bin/../lib/gcc/arm-none-eabi/12.3.1/../../../../arm-none-eabi/lib/thumb/v7e-m+fp/hard\libc_nano.a(libc_a-mprec.o)
                0x080186b0                __lshift
 .text.__mcmp   0x08018788       0x36 C:/ST/STM32CubeIDE_1.12.0/STM32CubeIDE/plugins/com.st.stm32cube.ide.mcu.externaltools.gnu-tools-for-stm32.12.3.rel1.win32_1.0.200.202406191623/tools/bin/../lib/gcc/arm-none-eabi/12.3.1/../../../../arm-none-eabi/lib/thumb/v7e-m+fp/hard\libc_nano.a(libc_a-mprec.o)
                0x08018788                __mcmp
 *fill*         0x080187be        0x2 
 .text.__mdiff  0x080187c0      0x128 C:/ST/STM32CubeIDE_1.12.0/STM32CubeIDE/plugins/com.st.stm32cube.ide.mcu.externaltools.gnu-tools-for-stm32.12.3.rel1.win32_1.0.200.202406191623/tools/bin/../lib/gcc/arm-none-eabi/12.3.1/../../../../arm-none-eabi/lib/thumb/v7e-m+fp/hard\libc_nano.a(libc_a-mprec.o)
                0x080187c0                __mdiff
 .text.__d2b    0x080188e8       0xb0 C:/ST/STM32CubeIDE_1.12.0/STM32CubeIDE/plugins/com.st.stm32cube.ide.mcu.externaltools.gnu-tools-for-stm32.12.3.rel1.win32_1.0.200.202406191623/tools/bin/../lib/gcc/arm-none-eabi/12.3.1/../../../../arm-none-eabi/lib/thumb/v7e-m+fp/hard\libc_nano.a(libc_a-mprec.o)
                0x080188e8                __d2b
 .text.__ssputs_r
                0x08018998       0xb6 C:/ST/STM32CubeIDE_1.12.0/STM32CubeIDE/plugins/com.st.stm32cube.ide.mcu.externaltools.gnu-tools-for-stm32.12.3.rel1.win32_1.0.200.202406191623/tools/bin/../lib/gcc/arm-none-eabi/12.3.1/../../../../arm-none-eabi/lib/thumb/v7e-m+fp/hard\libc_nano.a(libc_a-nano-svfprintf.o)
                0x08018998                __ssputs_r
 *fill*         0x08018a4e        0x2 
 .text._svfprintf_r
                0x08018a50      0x1f8 C:/ST/STM32CubeIDE_1.12.0/STM32CubeIDE/plugins/com.st.stm32cube.ide.mcu.externaltools.gnu-tools-for-stm32.12.3.rel1.win32_1.0.200.202406191623/tools/bin/../lib/gcc/arm-none-eabi/12.3.1/../../../../arm-none-eabi/lib/thumb/v7e-m+fp/hard\libc_nano.a(libc_a-nano-svfprintf.o)
                0x08018a50                _svfiprintf_r
                0x08018a50                _svfprintf_r
 .text.__sflush_r
                0x08018c48      0x108 C:/ST/STM32CubeIDE_1.12.0/STM32CubeIDE/plugins/com.st.stm32cube.ide.mcu.externaltools.gnu-tools-for-stm32.12.3.rel1.win32_1.0.200.202406191623/tools/bin/../lib/gcc/arm-none-eabi/12.3.1/../../../../arm-none-eabi/lib/thumb/v7e-m+fp/hard\libc_nano.a(libc_a-fflush.o)
                0x08018c48                __sflush_r
 .text._fflush_r
                0x08018d50       0x50 C:/ST/STM32CubeIDE_1.12.0/STM32CubeIDE/plugins/com.st.stm32cube.ide.mcu.externaltools.gnu-tools-for-stm32.12.3.rel1.win32_1.0.200.202406191623/tools/bin/../lib/gcc/arm-none-eabi/12.3.1/../../../../arm-none-eabi/lib/thumb/v7e-m+fp/hard\libc_nano.a(libc_a-fflush.o)
                0x08018d50                _fflush_r
 .text.memmove  0x08018da0       0x34 C:/ST/STM32CubeIDE_1.12.0/STM32CubeIDE/plugins/com.st.stm32cube.ide.mcu.externaltools.gnu-tools-for-stm32.12.3.rel1.win32_1.0.200.202406191623/tools/bin/../lib/gcc/arm-none-eabi/12.3.1/../../../../arm-none-eabi/lib/thumb/v7e-m+fp/hard\libc_nano.a(libc_a-memmove.o)
                0x08018da0                memmove
 .text.__assert_func
                0x08018dd4       0x3c C:/ST/STM32CubeIDE_1.12.0/STM32CubeIDE/plugins/com.st.stm32cube.ide.mcu.externaltools.gnu-tools-for-stm32.12.3.rel1.win32_1.0.200.202406191623/tools/bin/../lib/gcc/arm-none-eabi/12.3.1/../../../../arm-none-eabi/lib/thumb/v7e-m+fp/hard\libc_nano.a(libc_a-assert.o)
                0x08018dd4                __assert_func
 .text._calloc_r
                0x08018e10       0x28 C:/ST/STM32CubeIDE_1.12.0/STM32CubeIDE/plugins/com.st.stm32cube.ide.mcu.externaltools.gnu-tools-for-stm32.12.3.rel1.win32_1.0.200.202406191623/tools/bin/../lib/gcc/arm-none-eabi/12.3.1/../../../../arm-none-eabi/lib/thumb/v7e-m+fp/hard\libc_nano.a(libc_a-callocr.o)
                0x08018e10                _calloc_r
 .text.__ascii_mbtowc
                0x08018e38       0x24 C:/ST/STM32CubeIDE_1.12.0/STM32CubeIDE/plugins/com.st.stm32cube.ide.mcu.externaltools.gnu-tools-for-stm32.12.3.rel1.win32_1.0.200.202406191623/tools/bin/../lib/gcc/arm-none-eabi/12.3.1/../../../../arm-none-eabi/lib/thumb/v7e-m+fp/hard\libc_nano.a(libc_a-mbtowc_r.o)
                0x08018e38                __ascii_mbtowc
 .text._realloc_r
                0x08018e5c       0x5c C:/ST/STM32CubeIDE_1.12.0/STM32CubeIDE/plugins/com.st.stm32cube.ide.mcu.externaltools.gnu-tools-for-stm32.12.3.rel1.win32_1.0.200.202406191623/tools/bin/../lib/gcc/arm-none-eabi/12.3.1/../../../../arm-none-eabi/lib/thumb/v7e-m+fp/hard\libc_nano.a(libc_a-reallocr.o)
                0x08018e5c                _realloc_r
 .text.__ascii_wctomb
                0x08018eb8       0x1a C:/ST/STM32CubeIDE_1.12.0/STM32CubeIDE/plugins/com.st.stm32cube.ide.mcu.externaltools.gnu-tools-for-stm32.12.3.rel1.win32_1.0.200.202406191623/tools/bin/../lib/gcc/arm-none-eabi/12.3.1/../../../../arm-none-eabi/lib/thumb/v7e-m+fp/hard\libc_nano.a(libc_a-wctomb_r.o)
                0x08018eb8                __ascii_wctomb
 *fill*         0x08018ed2        0x2 
 .text.fprintf  0x08018ed4       0x24 C:/ST/STM32CubeIDE_1.12.0/STM32CubeIDE/plugins/com.st.stm32cube.ide.mcu.externaltools.gnu-tools-for-stm32.12.3.rel1.win32_1.0.200.202406191623/tools/bin/../lib/gcc/arm-none-eabi/12.3.1/../../../../arm-none-eabi/lib/thumb/v7e-m+fp/hard\libc_nano.a(libc_a-fprintf.o)
                0x08018ed4                fiprintf
                0x08018ed4                fprintf
 .text.abort    0x08018ef8        0xe C:/ST/STM32CubeIDE_1.12.0/STM32CubeIDE/plugins/com.st.stm32cube.ide.mcu.externaltools.gnu-tools-for-stm32.12.3.rel1.win32_1.0.200.202406191623/tools/bin/../lib/gcc/arm-none-eabi/12.3.1/../../../../arm-none-eabi/lib/thumb/v7e-m+fp/hard\libc_nano.a(libc_a-abort.o)
                0x08018ef8                abort
 .text._malloc_usable_size_r
                0x08018f06       0x10 C:/ST/STM32CubeIDE_1.12.0/STM32CubeIDE/plugins/com.st.stm32cube.ide.mcu.externaltools.gnu-tools-for-stm32.12.3.rel1.win32_1.0.200.202406191623/tools/bin/../lib/gcc/arm-none-eabi/12.3.1/../../../../arm-none-eabi/lib/thumb/v7e-m+fp/hard\libc_nano.a(libc_a-msizer.o)
                0x08018f06                _malloc_usable_size_r
 .text.__sfputc_r
                0x08018f16       0x2e C:/ST/STM32CubeIDE_1.12.0/STM32CubeIDE/plugins/com.st.stm32cube.ide.mcu.externaltools.gnu-tools-for-stm32.12.3.rel1.win32_1.0.200.202406191623/tools/bin/../lib/gcc/arm-none-eabi/12.3.1/../../../../arm-none-eabi/lib/thumb/v7e-m+fp/hard\libc_nano.a(libc_a-nano-vfprintf.o)
 .text.__sfputs_r
                0x08018f44       0x24 C:/ST/STM32CubeIDE_1.12.0/STM32CubeIDE/plugins/com.st.stm32cube.ide.mcu.externaltools.gnu-tools-for-stm32.12.3.rel1.win32_1.0.200.202406191623/tools/bin/../lib/gcc/arm-none-eabi/12.3.1/../../../../arm-none-eabi/lib/thumb/v7e-m+fp/hard\libc_nano.a(libc_a-nano-vfprintf.o)
                0x08018f44                __sfputs_r
 .text._vfprintf_r
                0x08018f68      0x230 C:/ST/STM32CubeIDE_1.12.0/STM32CubeIDE/plugins/com.st.stm32cube.ide.mcu.externaltools.gnu-tools-for-stm32.12.3.rel1.win32_1.0.200.202406191623/tools/bin/../lib/gcc/arm-none-eabi/12.3.1/../../../../arm-none-eabi/lib/thumb/v7e-m+fp/hard\libc_nano.a(libc_a-nano-vfprintf.o)
                0x08018f68                _vfprintf_r
                0x08018f68                _vfiprintf_r
 .text.__swbuf_r
                0x08019198       0x7c C:/ST/STM32CubeIDE_1.12.0/STM32CubeIDE/plugins/com.st.stm32cube.ide.mcu.externaltools.gnu-tools-for-stm32.12.3.rel1.win32_1.0.200.202406191623/tools/bin/../lib/gcc/arm-none-eabi/12.3.1/../../../../arm-none-eabi/lib/thumb/v7e-m+fp/hard\libc_nano.a(libc_a-wbuf.o)
                0x08019198                __swbuf_r
 .text.__swsetup_r
                0x08019214       0xac C:/ST/STM32CubeIDE_1.12.0/STM32CubeIDE/plugins/com.st.stm32cube.ide.mcu.externaltools.gnu-tools-for-stm32.12.3.rel1.win32_1.0.200.202406191623/tools/bin/../lib/gcc/arm-none-eabi/12.3.1/../../../../arm-none-eabi/lib/thumb/v7e-m+fp/hard\libc_nano.a(libc_a-wsetup.o)
                0x08019214                __swsetup_r
 .text._raise_r
                0x080192c0       0x50 C:/ST/STM32CubeIDE_1.12.0/STM32CubeIDE/plugins/com.st.stm32cube.ide.mcu.externaltools.gnu-tools-for-stm32.12.3.rel1.win32_1.0.200.202406191623/tools/bin/../lib/gcc/arm-none-eabi/12.3.1/../../../../arm-none-eabi/lib/thumb/v7e-m+fp/hard\libc_nano.a(libc_a-signal.o)
                0x080192c0                _raise_r
 .text.raise    0x08019310       0x10 C:/ST/STM32CubeIDE_1.12.0/STM32CubeIDE/plugins/com.st.stm32cube.ide.mcu.externaltools.gnu-tools-for-stm32.12.3.rel1.win32_1.0.200.202406191623/tools/bin/../lib/gcc/arm-none-eabi/12.3.1/../../../../arm-none-eabi/lib/thumb/v7e-m+fp/hard\libc_nano.a(libc_a-signal.o)
                0x08019310                raise
 .text._kill_r  0x08019320       0x24 C:/ST/STM32CubeIDE_1.12.0/STM32CubeIDE/plugins/com.st.stm32cube.ide.mcu.externaltools.gnu-tools-for-stm32.12.3.rel1.win32_1.0.200.202406191623/tools/bin/../lib/gcc/arm-none-eabi/12.3.1/../../../../arm-none-eabi/lib/thumb/v7e-m+fp/hard\libc_nano.a(libc_a-signalr.o)
                0x08019320                _kill_r
 .text._getpid_r