../Core/Src/main.c:149:5:main	48	static
../Core/Src/main.c:377:6:SystemClock_Config	88	static
../Core/Src/main.c:423:13:MX_ADC1_Init	48	static
../Core/Src/main.c:515:13:MX_SPI1_Init	8	static
../Core/Src/main.c:553:13:MX_TIM2_Init	64	static
../Core/Src/main.c:611:13:MX_TIM3_Init	32	static
../Core/Src/main.c:656:13:MX_TIM5_Init	32	static
../Core/Src/main.c:699:13:MX_DMA_Init	16	static
../Core/Src/main.c:717:13:MX_GPIO_Init	48	static
../Core/Src/main.c:768:6:print_array	120	static
../Core/Src/main.c:812:6:Read_channel	32	static
../Core/Src/main.c:821:9:ConvertCoordinates	208	static
../Core/Src/main.c:839:6:Abs_maxScale	40	static
../Core/Src/main.c:862:6:Offset_remove	32	static
../Core/Src/main.c:877:6:Debug_screen	32	static
../Core/Src/main.c:894:6:Draw_All	48	static
../Core/Src/main.c:928:9:Check_buttons	16	static
../Core/Src/main.c:940:9:Convert_to_score	40	static
../Core/Src/main.c:954:6:AWD_Interrupt	4	static
../Core/Src/main.c:963:6:Reset_ADC	4	static
../Core/Src/main.c:979:6:TIM3_interrupt	4	static
../Core/Src/main.c:992:6:Error_Handler	4	static,ignoring_inline_asm
